ARM Linker, 5.03 [Build 24] [MDK-ARM Professional]

==============================================================================

Section Cross References

    main.o(i.App_TaskCreate) refers to main.o(i.rb_init) for rb_init
    main.o(i.App_TaskCreate) refers to pwm.o(i.TIM1_PWM_Init) for TIM1_PWM_Init
    main.o(i.App_TaskCreate) refers to adc.o(i.Adc_Init) for Adc_Init
    main.o(i.App_TaskCreate) refers to os_cpu_a.o(.text) for OS_CPU_SR_Save
    main.o(i.App_TaskCreate) refers to uctsk_xftts.o(i.App_xfTTSTaskCreate) for App_xfTTSTaskCreate
    main.o(i.App_TaskCreate) refers to adc.o(i.Get_Adc_Average) for Get_Adc_Average
    main.o(i.App_TaskCreate) refers to dfltui.o(.text) for __aeabi_ui2d
    main.o(i.App_TaskCreate) refers to dmul.o(.text) for __aeabi_dmul
    main.o(i.App_TaskCreate) refers to os_time.o(i.OSTimeDlyHMSM) for OSTimeDlyHMSM
    main.o(i.App_TaskCreate) refers to main.o(.bss) for .bss
    main.o(i.App_TaskCreate) refers to main.o(.data) for .data
    main.o(i.App_TaskStart) refers to os_cpu_c.o(i.OS_CPU_SysTickInit) for OS_CPU_SysTickInit
    main.o(i.App_TaskStart) refers to os_core.o(i.OSStatInit) for OSStatInit
    main.o(i.App_TaskStart) refers to main.o(i.App_TaskCreate) for App_TaskCreate
    main.o(i.Message_Queue_Available) refers to printfb.o(i.__0printf$bare) for __2printf
    main.o(i.Message_Queue_Available) refers to main.o(.constdata) for .constdata
    main.o(i.Message_Queue_Back) refers to memseta.o(.text) for __aeabi_memclr
    main.o(i.Message_Queue_Init) refers to memseta.o(.text) for __aeabi_memclr
    main.o(i.main) refers to cpu_a.o(.text) for CPU_IntDis
    main.o(i.main) refers to os_core.o(i.OSInit) for OSInit
    main.o(i.main) refers to gpio.o(i.gpio_WIFIModeSwitch_init) for gpio_WIFIModeSwitch_init
    main.o(i.main) refers to stm32f10x_gpio.o(i.GPIO_ReadInputDataBit) for GPIO_ReadInputDataBit
    main.o(i.main) refers to usart.o(i.uart1_init) for uart1_init
    main.o(i.main) refers to usart.o(i.uart2_init) for uart2_init
    main.o(i.main) refers to usart.o(i.uart3_init) for uart3_init
    main.o(i.main) refers to usart.o(i.uart4_init) for uart4_init
    main.o(i.main) refers to os_q.o(i.OSQCreate) for OSQCreate
    main.o(i.main) refers to main.o(i.Message_Queue_Init) for Message_Queue_Init
    main.o(i.main) refers to os_task.o(i.OSTaskCreateExt) for OSTaskCreateExt
    main.o(i.main) refers to os_task.o(i.OSTaskNameSet) for OSTaskNameSet
    main.o(i.main) refers to os_core.o(i.OSStart) for OSStart
    main.o(i.main) refers to usart.o(i.uart4_disable) for uart4_disable
    main.o(i.main) refers to main.o(.data) for .data
    main.o(i.main) refers to main.o(.bss) for .bss
    main.o(i.main) refers to main.o(i.App_TaskStart) for App_TaskStart
    main.o(i.rb_get) refers to main.o(i.addring) for addring
    main.o(i.rb_put) refers to main.o(i.addring) for addring
    stm32f10x_it.o(i.SysTick_Handler) refers to os_cpu_a.o(.text) for OS_CPU_SR_Save
    stm32f10x_it.o(i.SysTick_Handler) refers to os_core.o(i.OSTimeTick) for OSTimeTick
    stm32f10x_it.o(i.SysTick_Handler) refers to os_core.o(i.OSIntExit) for OSIntExit
    stm32f10x_it.o(i.SysTick_Handler) refers to os_core.o(.data) for OSIntNesting
    uctsk_xftts.o(i.App_xfTTSTaskCreate) refers to os_task.o(i.OSTaskCreate) for OSTaskCreate
    uctsk_xftts.o(i.App_xfTTSTaskCreate) refers to os_task.o(i.OSTaskNameSet) for OSTaskNameSet
    uctsk_xftts.o(i.App_xfTTSTaskCreate) refers to uctsk_xftts.o(.bss) for .bss
    uctsk_xftts.o(i.App_xfTTSTaskCreate) refers to uctsk_xftts.o(i.uctsk_xfTTS) for uctsk_xfTTS
    uctsk_xftts.o(i.ReadText) refers to strlen.o(.text) for strlen
    uctsk_xftts.o(i.ReadText) refers to stm32f10x_usart.o(i.USART_SendData) for USART_SendData
    uctsk_xftts.o(i.ReadText) refers to stm32f10x_usart.o(i.USART_GetFlagStatus) for USART_GetFlagStatus
    uctsk_xftts.o(i.uctsk_xfTTS) refers to os_time.o(i.OSTimeDlyHMSM) for OSTimeDlyHMSM
    uctsk_xftts.o(i.uctsk_xfTTS) refers to uctsk_xftts.o(i.ReadText) for ReadText
    os_cpu_c.o(i.OSInitHookBegin) refers to os_cpu_c.o(.data) for .data
    os_cpu_c.o(i.OSTCBInitHook) refers to os_apphooks.o(i.App_TCBInitHook) for App_TCBInitHook
    os_cpu_c.o(i.OSTaskCreateHook) refers to os_apphooks.o(i.App_TaskCreateHook) for App_TaskCreateHook
    os_cpu_c.o(i.OSTaskDelHook) refers to os_apphooks.o(i.App_TaskDelHook) for App_TaskDelHook
    os_cpu_c.o(i.OSTaskIdleHook) refers to os_apphooks.o(i.App_TaskIdleHook) for App_TaskIdleHook
    os_cpu_c.o(i.OSTaskStatHook) refers to os_apphooks.o(i.App_TaskStatHook) for App_TaskStatHook
    os_cpu_c.o(i.OSTaskSwHook) refers to os_apphooks.o(i.App_TaskSwHook) for App_TaskSwHook
    os_cpu_c.o(i.OSTimeTickHook) refers to os_apphooks.o(i.App_TimeTickHook) for App_TimeTickHook
    os_cpu_c.o(i.OSTimeTickHook) refers to os_tmr.o(i.OSTmrSignal) for OSTmrSignal
    os_cpu_c.o(i.OSTimeTickHook) refers to os_cpu_c.o(.data) for .data
[...]
    Removing stm32f10x_tim.o(i.TIM_SetCompare3), (4 bytes).
    Removing stm32f10x_tim.o(i.TIM_SetCompare4), (6 bytes).
    Removing stm32f10x_tim.o(i.TIM_SetCounter), (4 bytes).
    Removing stm32f10x_tim.o(i.TIM_SetIC1Prescaler), (16 bytes).
    Removing stm32f10x_tim.o(i.TIM_SetIC2Prescaler), (24 bytes).
    Removing stm32f10x_tim.o(i.TIM_SetIC3Prescaler), (16 bytes).
    Removing stm32f10x_tim.o(i.TIM_SetIC4Prescaler), (24 bytes).
    Removing stm32f10x_tim.o(i.TIM_TIxExternalClockConfig), (46 bytes).
    Removing stm32f10x_tim.o(i.TIM_TimeBaseStructInit), (18 bytes).
    Removing stm32f10x_tim.o(i.TIM_UpdateDisableConfig), (20 bytes).
    Removing stm32f10x_tim.o(i.TIM_UpdateRequestConfig), (20 bytes).
    Removing stm32f10x_usart.o(i.USART_ClearITPendingBit), (12 bytes).
    Removing stm32f10x_usart.o(i.USART_ClockInit), (30 bytes).
    Removing stm32f10x_usart.o(i.USART_ClockStructInit), (12 bytes).
    Removing stm32f10x_usart.o(i.USART_DMACmd), (16 bytes).
    Removing stm32f10x_usart.o(i.USART_HalfDuplexCmd), (20 bytes).
    Removing stm32f10x_usart.o(i.USART_IrDACmd), (20 bytes).
    Removing stm32f10x_usart.o(i.USART_IrDAConfig), (16 bytes).
    Removing stm32f10x_usart.o(i.USART_LINBreakDetectLengthConfig), (16 bytes).
    Removing stm32f10x_usart.o(i.USART_LINCmd), (20 bytes).
    Removing stm32f10x_usart.o(i.USART_OneBitMethodCmd), (20 bytes).
    Removing stm32f10x_usart.o(i.USART_OverSampling8Cmd), (20 bytes).
    Removing stm32f10x_usart.o(i.USART_ReceiverWakeUpCmd), (20 bytes).
    Removing stm32f10x_usart.o(i.USART_SendBreak), (10 bytes).
    Removing stm32f10x_usart.o(i.USART_SetAddress), (16 bytes).
    Removing stm32f10x_usart.o(i.USART_SetGuardTime), (16 bytes).
    Removing stm32f10x_usart.o(i.USART_SetPrescaler), (16 bytes).
    Removing stm32f10x_usart.o(i.USART_SmartCardCmd), (20 bytes).
    Removing stm32f10x_usart.o(i.USART_SmartCardNACKCmd), (20 bytes).
    Removing stm32f10x_usart.o(i.USART_StructInit), (22 bytes).
    Removing stm32f10x_usart.o(i.USART_WakeUpConfig), (16 bytes).
    Removing stm32f10x_wwdg.o(i.WWDG_ClearFlag), (12 bytes).
    Removing stm32f10x_wwdg.o(i.WWDG_DeInit), (24 bytes).
    Removing stm32f10x_wwdg.o(i.WWDG_Enable), (16 bytes).
    Removing stm32f10x_wwdg.o(i.WWDG_EnableIT), (12 bytes).
    Removing stm32f10x_wwdg.o(i.WWDG_GetFlagStatus), (12 bytes).
    Removing stm32f10x_wwdg.o(i.WWDG_SetCounter), (16 bytes).
    Removing stm32f10x_wwdg.o(i.WWDG_SetPrescaler), (20 bytes).
    Removing stm32f10x_wwdg.o(i.WWDG_SetWindowValue), (28 bytes).
    Removing startup_stm32f10x_hd.o(HEAP), (512 bytes).
    Removing usart.o(i._sys_exit), (2 bytes).
    Removing usart.o(i.fputc), (24 bytes).
    Removing usart.o(.bss), (200 bytes).
    Removing usart.o(.bss), (200 bytes).
    Removing usart.o(.data), (4 bytes).
    Removing usart.o(.data), (1 bytes).
    Removing usart.o(.data), (2 bytes).
    Removing usart.o(.data), (4 bytes).
    Removing usart.o(.data), (4 bytes).
    Removing usart.o(.data), (1 bytes).
    Removing usart.o(.data), (1 bytes).
    Removing usart.o(.data), (4 bytes).
    Removing dma.o(i.ADC2_Configuration), (164 bytes).
    Removing dma.o(i.ADC_DMA_Configuration), (92 bytes).
    Removing dma.o(i.Init_All_Periph), (14 bytes).
    Removing dma.o(i.M2M1_Configuration), (108 bytes).
    Removing dma.o(i.M2M2_Configuration), (88 bytes).
    Removing dma.o(i.RCC_Configuration), (128 bytes).
    Removing dma.o(.bss), (15 bytes).
    Removing dma.o(.data), (4 bytes).
    Removing pwm.o(i.TIM4_PWM_Init), (304 bytes).
    Removing encode.o(i.TIM2_Int_Init), (112 bytes).
    Removing encode.o(i.TIM3_Int_Init), (92 bytes).
    Removing encode.o(i.tim4_time5_init), (184 bytes).
    Removing encode.o(.data), (2 bytes).
    Removing encode.o(.data), (2 bytes).
    Removing encode.o(.data), (1 bytes).
    Removing gpio.o(i.GetXFStatus), (16 bytes).
    Removing gpio.o(i.gpio_LightSensor_init), (44 bytes).
    Removing gpio.o(i.gpio_XF_init), (72 bytes).
    Removing gpio.o(i.gpio_human_sensor_init), (44 bytes).
    Removing gpio.o(i.gpio_led_init), (56 bytes).
    Removing gpio.o(i.gpio_led_ws2812s_init), (64 bytes).
    Removing gpio.o(i.gpio_ledarry_init), (2 bytes).
    Removing gpio.o(i.gpio_motor_init), (180 bytes).
    Removing gpio.o(i.gpio_sound_init), (2 bytes).
    Removing gpio.o(i.gpio_tracker_init), (2 bytes).
    Removing gpio.o(i.gpio_ultrasonic_init), (2 bytes).
    Removing gpio.o(i.gpio_voice_init), (2 bytes).
    Removing rtc.o(i.ALARM0_CNT_Set), (60 bytes).
    Removing rtc.o(i.RTC_EXTI_INITIAL), (60 bytes).
    Removing rtc.o(i.RTC_Init), (196 bytes).
    Removing rtc.o(i.RTC_Set), (204 bytes).
    Removing dadd.o(.text), (334 bytes).
    Removing ddiv.o(.text), (222 bytes).
    Removing dfixul.o(.text), (48 bytes).
    Removing cdrcmple.o(.text), (40 bytes).

587 unused section(s) (total 28189 bytes) removed from the image.

==============================================================================

Image Symbol Table

    Local Symbols

    Symbol Name                              Value     Ov Type        Size  Object(Section)

    ../clib/microlib/division.c              0x00000000   Number         0  uldiv.o ABSOLUTE
    ../clib/microlib/division.c              0x00000000   Number         0  uidiv.o ABSOLUTE
    ../clib/microlib/init/entry.s            0x00000000   Number         0  entry8a.o ABSOLUTE
    ../clib/microlib/init/entry.s            0x00000000   Number         0  entry10b.o ABSOLUTE
    ../clib/microlib/init/entry.s            0x00000000   Number         0  entry2.o ABSOLUTE
    ../clib/microlib/init/entry.s            0x00000000   Number         0  entry7a.o ABSOLUTE
    ../clib/microlib/init/entry.s            0x00000000   Number         0  entry9a.o ABSOLUTE
    ../clib/microlib/init/entry.s            0x00000000   Number         0  entry9b.o ABSOLUTE
    ../clib/microlib/init/entry.s            0x00000000   Number         0  entry8b.o ABSOLUTE
    ../clib/microlib/init/entry.s            0x00000000   Number         0  entry10a.o ABSOLUTE
    ../clib/microlib/init/entry.s            0x00000000   Number         0  entry.o ABSOLUTE
    ../clib/microlib/init/entry.s            0x00000000   Number         0  entry7b.o ABSOLUTE
    ../clib/microlib/init/entry.s            0x00000000   Number         0  entry5.o ABSOLUTE
    ../clib/microlib/init/entry.s            0x00000000   Number         0  entry11b.o ABSOLUTE
    ../clib/microlib/init/entry.s            0x00000000   Number         0  entry11a.o ABSOLUTE
    ../clib/microlib/longlong.c              0x00000000   Number         0  llsshr.o ABSOLUTE
    ../clib/microlib/longlong.c              0x00000000   Number         0  llushr.o ABSOLUTE
    ../clib/microlib/longlong.c              0x00000000   Number         0  llshl.o ABSOLUTE
    ../clib/microlib/printf/printf.c         0x00000000   Number         0  printf5.o ABSOLUTE
    ../clib/microlib/printf/printf.c         0x00000000   Number         0  printf6.o ABSOLUTE
    ../clib/microlib/printf/printf.c         0x00000000   Number         0  printfa.o ABSOLUTE
    ../clib/microlib/printf/printf.c         0x00000000   Number         0  printf7.o ABSOLUTE
    ../clib/microlib/printf/printf.c         0x00000000   Number         0  printf8.o ABSOLUTE
    ../clib/microlib/printf/printf.c         0x00000000   Number         0  printfb.o ABSOLUTE
    ../clib/microlib/printf/printf.c         0x00000000   Number         0  printf0.o ABSOLUTE
    ../clib/microlib/printf/printf.c         0x00000000   Number         0  printf1.o ABSOLUTE
    ../clib/microlib/printf/printf.c         0x00000000   Number         0  printf2.o ABSOLUTE
    ../clib/microlib/printf/printf.c         0x00000000   Number         0  printf3.o ABSOLUTE
    ../clib/microlib/printf/printf.c         0x00000000   Number         0  printf4.o ABSOLUTE
    ../clib/microlib/string/memset.c         0x00000000   Number         0  memseta.o ABSOLUTE
    ../clib/microlib/string/strlen.c         0x00000000   Number         0  strlen.o ABSOLUTE
    ../clib/microlib/stubs.s                 0x00000000   Number         0  iusefp.o ABSOLUTE
    ../clib/microlib/stubs.s                 0x00000000   Number         0  useno.o ABSOLUTE
    ../fplib/microlib/fpadd.c                0x00000000   Number         0  dadd.o ABSOLUTE
    ../fplib/microlib/fpdiv.c                0x00000000   Number         0  ddiv.o ABSOLUTE
    ../fplib/microlib/fpepilogue.c           0x00000000   Number         0  depilogue.o ABSOLUTE
    ../fplib/microlib/fpfix.c                0x00000000   Number         0  dfixul.o ABSOLUTE
    ../fplib/microlib/fpflt.c                0x00000000   Number         0  dfltui.o ABSOLUTE
    ../fplib/microlib/fpmul.c                0x00000000   Number         0  dmul.o ABSOLUTE
    ..\Libraries\CMSIS\CM3\CoreSupport\core_cm3.c 0x00000000   Number         0  core_cm3.o ABSOLUTE
    ..\Libraries\CMSIS\CM3\DeviceSupport\ST\STM32F10x\startup\arm\startup_stm32f10x_hd.s 0x00000000   Number         0  startup_stm32f10x_hd.o ABSOLUTE
    ..\Libraries\STM32F10x_StdPeriph_Driver\src\misc.c 0x00000000   Number         0  misc.o ABSOLUTE
    ..\Libraries\STM32F10x_StdPeriph_Driver\src\stm32f10x_adc.c 0x00000000   Number         0  stm32f10x_adc.o ABSOLUTE
    ..\Libraries\STM32F10x_StdPeriph_Driver\src\stm32f10x_bkp.c 0x00000000   Number         0  stm32f10x_bkp.o ABSOLUTE
    ..\Libraries\STM32F10x_StdPeriph_Driver\src\stm32f10x_can.c 0x00000000   Number         0  stm32f10x_can.o ABSOLUTE
    ..\Libraries\STM32F10x_StdPeriph_Driver\src\stm32f10x_cec.c 0x00000000   Number         0  stm32f10x_cec.o ABSOLUTE
    ..\Libraries\STM32F10x_StdPeriph_Driver\src\stm32f10x_crc.c 0x00000000   Number         0  stm32f10x_crc.o ABSOLUTE
    ..\Libraries\STM32F10x_StdPeriph_Driver\src\stm32f10x_dac.c 0x00000000   Number         0  stm32f10x_dac.o ABSOLUTE
    ..\Libraries\STM32F10x_StdPeriph_Driver\src\stm32f10x_dbgmcu.c 0x00000000   Number         0  stm32f10x_dbgmcu.o ABSOLUTE
    ..\Libraries\STM32F10x_StdPeriph_Driver\src\stm32f10x_dma.c 0x00000000   Number         0  stm32f10x_dma.o ABSOLUTE
    ..\Libraries\STM32F10x_StdPeriph_Driver\src\stm32f10x_exti.c 0x00000000   Number         0  stm32f10x_exti.o ABSOLUTE
    ..\Libraries\STM32F10x_StdPeriph_Driver\src\stm32f10x_flash.c 0x00000000   Number         0  stm32f10x_flash.o ABSOLUTE
    ..\Libraries\STM32F10x_StdPeriph_Driver\src\stm32f10x_fsmc.c 0x00000000   Number         0  stm32f10x_fsmc.o ABSOLUTE
    ..\Libraries\STM32F10x_StdPeriph_Driver\src\stm32f10x_gpio.c 0x00000000   Number         0  stm32f10x_gpio.o ABSOLUTE
    ..\Libraries\STM32F10x_StdPeriph_Driver\src\stm32f10x_i2c.c 0x00000000   Number         0  stm32f10x_i2c.o ABSOLUTE
    ..\Libraries\STM32F10x_StdPeriph_Driver\src\stm32f10x_iwdg.c 0x00000000   Number         0  stm32f10x_iwdg.o ABSOLUTE
    ..\Libraries\STM32F10x_StdPeriph_Driver\src\stm32f10x_pwr.c 0x00000000   Number         0  stm32f10x_pwr.o ABSOLUTE
    ..\Libraries\STM32F10x_StdPeriph_Driver\src\stm32f10x_rcc.c 0x00000000   Number         0  stm32f10x_rcc.o ABSOLUTE
    ..\Libraries\STM32F10x_StdPeriph_Driver\src\stm32f10x_rtc.c 0x00000000   Number         0  stm32f10x_rtc.o ABSOLUTE
    ..\Libraries\STM32F10x_StdPeriph_Driver\src\stm32f10x_sdio.c 0x00000000   Number         0  stm32f10x_sdio.o ABSOLUTE
    ..\Libraries\STM32F10x_StdPeriph_Driver\src\stm32f10x_spi.c 0x00000000   Number         0  stm32f10x_spi.o ABSOLUTE
    ..\Libraries\STM32F10x_StdPeriph_Driver\src\stm32f10x_tim.c 0x00000000   Number         0  stm32f10x_tim.o ABSOLUTE
    ..\Libraries\STM32F10x_StdPeriph_Driver\src\stm32f10x_usart.c 0x00000000   Number         0  stm32f10x_usart.o ABSOLUTE
    ..\Libraries\STM32F10x_StdPeriph_Driver\src\stm32f10x_wwdg.c 0x00000000   Number         0  stm32f10x_wwdg.o ABSOLUTE
    ..\USER\ADC\adc.c                        0x00000000   Number         0  adc.o ABSOLUTE
    ..\USER\GPIO\gpio.c                      0x00000000   Number         0  gpio.o ABSOLUTE
    ..\USER\PWM\pwm.c                        0x00000000   Number         0  pwm.o ABSOLUTE
    ..\USER\RTC\RTC.c                        0x00000000   Number         0  rtc.o ABSOLUTE
    ..\USER\dma\dma.c                        0x00000000   Number         0  dma.o ABSOLUTE
    ..\USER\encode\encode.c                  0x00000000   Number         0  encode.o ABSOLUTE
    ..\USER\main.c                           0x00000000   Number         0  main.o ABSOLUTE
    ..\USER\stm32f10x_it.c                   0x00000000   Number         0  stm32f10x_it.o ABSOLUTE
    ..\USER\system_stm32f10x.c               0x00000000   Number         0  system_stm32f10x.o ABSOLUTE
    ..\USER\uC-CPU\ARM-Cortex-M3\RealView\cpu_a.asm 0x00000000   Number         0  cpu_a.o ABSOLUTE
    ..\USER\uC-CPU\ARM-Cortex-M3\RealView\cpu_c.c 0x00000000   Number         0  cpu_c.o ABSOLUTE
    ..\USER\uC-LIB\Ports\RealView\lib_mem_a.asm 0x00000000   Number         0  lib_mem_a.o ABSOLUTE
    ..\USER\uC-LIB\lib_mem.c                 0x00000000   Number         0  lib_mem.o ABSOLUTE
    ..\USER\uC-LIB\lib_str.c                 0x00000000   Number         0  lib_str.o ABSOLUTE
    ..\USER\uCOS-II\Ports\ARM-Cortex-M3\RealView\os_cpu_a.asm 0x00000000   Number         0  os_cpu_a.o ABSOLUTE
    ..\USER\uCOS-II\Ports\ARM-Cortex-M3\RealView\os_cpu_c.c 0x00000000   Number         0  os_cpu_c.o ABSOLUTE
    ..\USER\uCOS-II\Ports\ARM-Cortex-M3\RealView\os_dbg.c 0x00000000   Number         0  os_dbg.o ABSOLUTE
    ..\USER\uCOS-II\Source\os_core.c         0x00000000   Number         0  os_core.o ABSOLUTE
    ..\USER\uCOS-II\Source\os_flag.c         0x00000000   Number         0  os_flag.o ABSOLUTE
    ..\USER\uCOS-II\Source\os_mbox.c         0x00000000   Number         0  os_mbox.o ABSOLUTE
    ..\USER\uCOS-II\Source\os_mem.c          0x00000000   Number         0  os_mem.o ABSOLUTE
    ..\USER\uCOS-II\Source\os_mutex.c        0x00000000   Number         0  os_mutex.o ABSOLUTE
    ..\USER\uCOS-II\Source\os_q.c            0x00000000   Number         0  os_q.o ABSOLUTE
    ..\USER\uCOS-II\Source\os_sem.c          0x00000000   Number         0  os_sem.o ABSOLUTE
    ..\USER\uCOS-II\Source\os_task.c         0x00000000   Number         0  os_task.o ABSOLUTE
    ..\USER\uCOS-II\Source\os_time.c         0x00000000   Number         0  os_time.o ABSOLUTE
    ..\USER\uCOS-II\Source\os_tmr.c          0x00000000   Number         0  os_tmr.o ABSOLUTE
    ..\USER\uCOS-VIEW\Ports\ARM-Cortex-M3\Realview\os_viewc.c 0x00000000   Number         0  os_viewc.o ABSOLUTE
    ..\USER\uCOS-VIEW\Source\os_view.c       0x00000000   Number         0  os_view.o ABSOLUTE
    ..\USER\ucCos_App\OS_AppHooks.c          0x00000000   Number         0  os_apphooks.o ABSOLUTE
    ..\USER\ucCos_App\uctsk_OSView.c         0x00000000   Number         0  uctsk_osview.o ABSOLUTE
    ..\USER\ucCos_App\uctsk_xfTTS.c          0x00000000   Number         0  uctsk_xftts.o ABSOLUTE
    ..\USER\usart\usart.c                    0x00000000   Number         0  usart.o ABSOLUTE
    ..\\Libraries\\CMSIS\\CM3\\CoreSupport\\core_cm3.c 0x00000000   Number         0  core_cm3.o ABSOLUTE
    cdrcmple.s                               0x00000000   Number         0  cdrcmple.o ABSOLUTE
    dc.s                                     0x00000000   Number         0  dc.o ABSOLUTE
    handlers.s                               0x00000000   Number         0  handlers.o ABSOLUTE
    init.s                                   0x00000000   Number         0  init.o ABSOLUTE
    RESET                                    0x08000000   Section      304  startup_stm32f10x_hd.o(RESET)
    .ARM.Collect$$$$00000000                 0x08000130   Section        0  entry.o(.ARM.Collect$$$$00000000)
    .ARM.Collect$$$$00000001                 0x08000130   Section        4  entry2.o(.ARM.Collect$$$$00000001)
    .ARM.Collect$$$$00000004                 0x08000134   Section        4  entry5.o(.ARM.Collect$$$$00000004)
    .ARM.Collect$$$$00000008                 0x08000138   Section        0  entry7b.o(.ARM.Collect$$$$00000008)
    .ARM.Collect$$$$0000000A                 0x08000138   Section        0  entry8b.o(.ARM.Collect$$$$0000000A)
    .ARM.Collect$$$$0000000B                 0x08000138   Section        8  entry9a.o(.ARM.Collect$$$$0000000B)
    .ARM.Collect$$$$0000000D                 0x08000140   Section        0  entry10a.o(.ARM.Collect$$$$0000000D)
    .ARM.Collect$$$$0000000F                 0x08000140   Section        0  entry11a.o(.ARM.Collect$$$$0000000F)
    .ARM.Collect$$$$00002712                 0x08000140   Section        4  entry2.o(.ARM.Collect$$$$00002712)
    __lit__00000000                          0x08000140   Data           4  entry2.o(.ARM.Collect$$$$00002712)
    .text                                    0x08000144   Section      164  os_cpu_a.o(.text)
    .text                                    0x080001e8   Section       42  cpu_a.o(.text)
    .text                                    0x08000214   Section       36  startup_stm32f10x_hd.o(.text)
    .text                                    0x08000238   Section        0  memseta.o(.text)
    .text                                    0x0800025c   Section        0  strlen.o(.text)
    .text                                    0x0800026a   Section        0  dmul.o(.text)
    .text                                    0x0800034e   Section        0  dfltui.o(.text)
    .text                                    0x08000368   Section        0  depilogue.o(.text)
    .text                                    0x08000368   Section        0  iusefp.o(.text)
    .text                                    0x08000428   Section       36  init.o(.text)
    .text                                    0x0800044c   Section        0  llshl.o(.text)
    .text                                    0x0800046a   Section        0  llushr.o(.text)
    i.ADC_Cmd                                0x0800048a   Section        0  stm32f10x_adc.o(i.ADC_Cmd)
    i.ADC_DeInit                             0x080004a0   Section        0  stm32f10x_adc.o(i.ADC_DeInit)
    i.ADC_GetCalibrationStatus               0x080004e4   Section        0  stm32f10x_adc.o(i.ADC_GetCalibrationStatus)
    i.ADC_GetConversionValue                 0x080004f2   Section        0  stm32f10x_adc.o(i.ADC_GetConversionValue)
    i.ADC_GetFlagStatus                      0x080004f8   Section        0  stm32f10x_adc.o(i.ADC_GetFlagStatus)
    i.ADC_GetResetCalibrationStatus          0x08000506   Section        0  stm32f10x_adc.o(i.ADC_GetResetCalibrationStatus)
    i.ADC_Init                               0x08000514   Section        0  stm32f10x_adc.o(i.ADC_Init)
    i.ADC_RegularChannelConfig               0x0800055c   Section        0  stm32f10x_adc.o(i.ADC_RegularChannelConfig)
    i.ADC_ResetCalibration                   0x080005d0   Section        0  stm32f10x_adc.o(i.ADC_ResetCalibration)
    i.ADC_SoftwareStartConvCmd               0x080005da   Section        0  stm32f10x_adc.o(i.ADC_SoftwareStartConvCmd)
    i.ADC_StartCalibration                   0x080005ee   Section        0  stm32f10x_adc.o(i.ADC_StartCalibration)
    i.Adc_Init                               0x080005f8   Section        0  adc.o(i.Adc_Init)
    i.App_TCBInitHook                        0x08000730   Section        0  os_apphooks.o(i.App_TCBInitHook)
    i.App_TaskCreate                         0x08000734   Section        0  main.o(i.App_TaskCreate)
    App_TaskCreate                           0x08000735   Thumb Code    96  main.o(i.App_TaskCreate)
    i.App_TaskCreateHook                     0x080007a8   Section        0  os_apphooks.o(i.App_TaskCreateHook)
    i.App_TaskIdleHook                       0x080007aa   Section        0  os_apphooks.o(i.App_TaskIdleHook)
    i.App_TaskStart                          0x080007ac   Section        0  main.o(i.App_TaskStart)
    App_TaskStart                            0x080007ad   Thumb Code    12  main.o(i.App_TaskStart)
    i.App_TaskStatHook                       0x080007b8   Section        0  os_apphooks.o(i.App_TaskStatHook)
    i.App_TaskSwHook                         0x080007ba   Section        0  os_apphooks.o(i.App_TaskSwHook)
    i.App_TimeTickHook                       0x080007bc   Section        0  os_apphooks.o(i.App_TimeTickHook)
    i.App_xfTTSTaskCreate                    0x080007c0   Section        0  uctsk_xftts.o(i.App_xfTTSTaskCreate)
    i.BusFault_Handler                       0x080007f4   Section        0  stm32f10x_it.o(i.BusFault_Handler)
    i.DebugMon_Handler                       0x080007f6   Section        0  stm32f10x_it.o(i.DebugMon_Handler)
    i.EXTI_ClearITPendingBit                 0x080007f8   Section        0  stm32f10x_exti.o(i.EXTI_ClearITPendingBit)
    i.GPIO_Init                              0x08000804   Section        0  stm32f10x_gpio.o(i.GPIO_Init)
    i.GPIO_ReadInputDataBit                  0x080008a2   Section        0  stm32f10x_gpio.o(i.GPIO_ReadInputDataBit)
    i.Get_Adc                                0x080008b0   Section        0  adc.o(i.Get_Adc)
    i.Get_Adc_Average                        0x080008e4   Section        0  adc.o(i.Get_Adc_Average)
    i.HardFault_Handler                      0x08000926   Section        0  stm32f10x_it.o(i.HardFault_Handler)
    i.Is_Leap_Year                           0x08000928   Section        0  rtc.o(i.Is_Leap_Year)
    i.MemManage_Handler                      0x0800094e   Section        0  stm32f10x_it.o(i.MemManage_Handler)
    i.Message_Queue_Init                     0x08000950   Section        0  main.o(i.Message_Queue_Init)
    i.NMI_Handler                            0x0800097e   Section        0  stm32f10x_it.o(i.NMI_Handler)
    i.NVIC_Init                              0x08000980   Section        0  misc.o(i.NVIC_Init)
    i.OSDebugInit                            0x080009e4   Section        0  os_dbg.o(i.OSDebugInit)
    i.OSEventNameSet                         0x080009e8   Section        0  os_core.o(i.OSEventNameSet)
    i.OSInit                                 0x08000a34   Section        0  os_core.o(i.OSInit)
    i.OSInitHookBegin                        0x08000b1c   Section        0  os_cpu_c.o(i.OSInitHookBegin)
    i.OSInitHookEnd                          0x08000b28   Section        0  os_cpu_c.o(i.OSInitHookEnd)
    i.OSIntEnter                             0x08000b2c   Section        0  os_core.o(i.OSIntEnter)
    i.OSIntExit                              0x08000b44   Section        0  os_core.o(i.OSIntExit)
    i.OSQCreate                              0x08000ba0   Section        0  os_q.o(i.OSQCreate)
    i.OSSchedLock                            0x08000c24   Section        0  os_core.o(i.OSSchedLock)
    i.OSSchedUnlock                          0x08000c50   Section        0  os_core.o(i.OSSchedUnlock)
    i.OSSemCreate                            0x08000c8c   Section        0  os_sem.o(i.OSSemCreate)
    i.OSSemPend                              0x08000cd4   Section        0  os_sem.o(i.OSSemPend)
    i.OSSemPost                              0x08000d94   Section        0  os_sem.o(i.OSSemPost)
    i.OSStart                                0x08000dec   Section        0  os_core.o(i.OSStart)
    i.OSStatInit                             0x08000e1c   Section        0  os_core.o(i.OSStatInit)
    i.OSTCBInitHook                          0x08000e50   Section        0  os_cpu_c.o(i.OSTCBInitHook)
    i.OSTaskCreate                           0x08000e54   Section        0  os_task.o(i.OSTaskCreate)
    i.OSTaskCreateExt                        0x08000ee4   Section        0  os_task.o(i.OSTaskCreateExt)
    i.OSTaskCreateHook                       0x08000f88   Section        0  os_cpu_c.o(i.OSTaskCreateHook)
    i.OSTaskIdleHook                         0x08000f8c   Section        0  os_cpu_c.o(i.OSTaskIdleHook)
    i.OSTaskNameSet                          0x08000f90   Section        0  os_task.o(i.OSTaskNameSet)
    i.OSTaskStatHook                         0x08000ffc   Section        0  os_cpu_c.o(i.OSTaskStatHook)
    i.OSTaskStkChk                           0x08001000   Section        0  os_task.o(i.OSTaskStkChk)
    i.OSTaskStkInit                          0x08001088   Section        0  os_cpu_c.o(i.OSTaskStkInit)
    i.OSTaskSuspend                          0x080010fc   Section        0  os_task.o(i.OSTaskSuspend)
    i.OSTaskSwHook                           0x080011a4   Section        0  os_cpu_c.o(i.OSTaskSwHook)
    i.OSTimeDly                              0x080011a8   Section        0  os_time.o(i.OSTimeDly)
    i.OSTimeDlyHMSM                          0x08001210   Section        0  os_time.o(i.OSTimeDlyHMSM)
    i.OSTimeTick                             0x08001284   Section        0  os_core.o(i.OSTimeTick)
    i.OSTimeTickHook                         0x08001324   Section        0  os_cpu_c.o(i.OSTimeTickHook)
    i.OSTmrSignal                            0x0800133c   Section        0  os_tmr.o(i.OSTmrSignal)
    i.OSTmr_Init                             0x08001348   Section        0  os_tmr.o(i.OSTmr_Init)
    i.OSTmr_Link                             0x08001470   Section        0  os_tmr.o(i.OSTmr_Link)
    OSTmr_Link                               0x08001471   Thumb Code    66  os_tmr.o(i.OSTmr_Link)
    i.OSTmr_Task                             0x080014bc   Section        0  os_tmr.o(i.OSTmr_Task)
    OSTmr_Task                               0x080014bd   Thumb Code   106  os_tmr.o(i.OSTmr_Task)
    i.OSTmr_Unlink                           0x08001534   Section        0  os_tmr.o(i.OSTmr_Unlink)
    OSTmr_Unlink                             0x08001535   Thumb Code    58  os_tmr.o(i.OSTmr_Unlink)
    i.OS_CPU_SysTickInit                     0x08001574   Section        0  os_cpu_c.o(i.OS_CPU_SysTickInit)
    i.OS_EventTaskRdy                        0x080015ac   Section        0  os_core.o(i.OS_EventTaskRdy)
    i.OS_EventTaskRemove                     0x08001624   Section        0  os_core.o(i.OS_EventTaskRemove)
    i.OS_EventTaskRemoveMulti                0x08001644   Section        0  os_core.o(i.OS_EventTaskRemoveMulti)
    i.OS_EventTaskWait                       0x0800166c   Section        0  os_core.o(i.OS_EventTaskWait)
    i.OS_EventWaitListInit                   0x080016b4   Section        0  os_core.o(i.OS_EventWaitListInit)
    i.OS_FlagInit                            0x080016c8   Section        0  os_flag.o(i.OS_FlagInit)
    i.OS_InitEventList                       0x08001710   Section        0  os_core.o(i.OS_InitEventList)
    OS_InitEventList                         0x08001711   Thumb Code    74  os_core.o(i.OS_InitEventList)
    i.OS_InitTCBList                         0x08001768   Section        0  os_core.o(i.OS_InitTCBList)
    OS_InitTCBList                           0x08001769   Thumb Code    94  os_core.o(i.OS_InitTCBList)
    i.OS_MemClr                              0x080017d8   Section        0  os_core.o(i.OS_MemClr)
    i.OS_MemInit                             0x080017ec   Section        0  os_mem.o(i.OS_MemInit)
    i.OS_QInit                               0x08001838   Section        0  os_q.o(i.OS_QInit)
    i.OS_Sched                               0x0800187c   Section        0  os_core.o(i.OS_Sched)
    i.OS_SchedNew                            0x080018c4   Section        0  os_core.o(i.OS_SchedNew)
    OS_SchedNew                              0x080018c5   Thumb Code    24  os_core.o(i.OS_SchedNew)
    i.OS_TCBInit                             0x080018e4   Section        0  os_core.o(i.OS_TCBInit)
    i.OS_TaskIdle                            0x080019cc   Section        0  os_core.o(i.OS_TaskIdle)
    i.OS_TaskStat                            0x080019e8   Section        0  os_core.o(i.OS_TaskStat)
    i.OS_TaskStatStkChk                      0x08001a40   Section        0  os_core.o(i.OS_TaskStatStkChk)
    i.OS_TaskStkClr                          0x08001a78   Section        0  os_task.o(i.OS_TaskStkClr)
    i.RCC_ADCCLKConfig                       0x08001a90   Section        0  stm32f10x_rcc.o(i.RCC_ADCCLKConfig)
    i.RCC_APB1PeriphClockCmd                 0x08001aa4   Section        0  stm32f10x_rcc.o(i.RCC_APB1PeriphClockCmd)
    i.RCC_APB1PeriphResetCmd                 0x08001abc   Section        0  stm32f10x_rcc.o(i.RCC_APB1PeriphResetCmd)
    i.RCC_APB2PeriphClockCmd                 0x08001ad4   Section        0  stm32f10x_rcc.o(i.RCC_APB2PeriphClockCmd)
    i.RCC_APB2PeriphResetCmd                 0x08001aec   Section        0  stm32f10x_rcc.o(i.RCC_APB2PeriphResetCmd)
    i.RCC_GetClocksFreq                      0x08001b04   Section        0  stm32f10x_rcc.o(i.RCC_GetClocksFreq)
    i.RTCAlarm_IRQHandler                    0x08001b98   Section        0  rtc.o(i.RTCAlarm_IRQHandler)
    i.RTC_ClearITPendingBit                  0x08001bac   Section        0  stm32f10x_rtc.o(i.RTC_ClearITPendingBit)
    i.RTC_Get                                0x08001bbc   Section        0  rtc.o(i.RTC_Get)
    i.RTC_GetCounter                         0x08001c88   Section        0  stm32f10x_rtc.o(i.RTC_GetCounter)
    i.RTC_GetITStatus                        0x08001c9c   Section        0  stm32f10x_rtc.o(i.RTC_GetITStatus)
    i.RTC_Get_Week                           0x08001cbc   Section        0  rtc.o(i.RTC_Get_Week)
    i.RTC_IRQHandler                         0x08001d08   Section        0  rtc.o(i.RTC_IRQHandler)
    i.RTC_WaitForLastTask                    0x08001d38   Section        0  stm32f10x_rtc.o(i.RTC_WaitForLastTask)
    i.ReadText                               0x08001d48   Section        0  uctsk_xftts.o(i.ReadText)
    i.SVC_Handler                            0x08001de8   Section        0  stm32f10x_it.o(i.SVC_Handler)
    i.SetSysClockTo72                        0x08001dec   Section        0  system_stm32f10x.o(i.SetSysClockTo72)
    SetSysClockTo72                          0x08001ded   Thumb Code   160  system_stm32f10x.o(i.SetSysClockTo72)
    i.SysTick_Handler                        0x08001e94   Section        0  stm32f10x_it.o(i.SysTick_Handler)
    i.SystemInit                             0x08001eb8   Section        0  system_stm32f10x.o(i.SystemInit)
    i.TIM1_PWM_Init                          0x08001f08   Section        0  pwm.o(i.TIM1_PWM_Init)
    i.TIM3_IRQHandler                        0x08001fb4   Section        0  encode.o(i.TIM3_IRQHandler)
    i.TIM4_IRQHandler                        0x08001fb8   Section        0  pwm.o(i.TIM4_IRQHandler)
    i.TIM_ARRPreloadConfig                   0x08001fdc   Section        0  stm32f10x_tim.o(i.TIM_ARRPreloadConfig)
    i.TIM_ClearITPendingBit                  0x08001ff0   Section        0  stm32f10x_tim.o(i.TIM_ClearITPendingBit)
    i.TIM_Cmd                                0x08001ff6   Section        0  stm32f10x_tim.o(i.TIM_Cmd)
    i.TIM_CtrlPWMOutputs                     0x0800200a   Section        0  stm32f10x_tim.o(i.TIM_CtrlPWMOutputs)
    i.TIM_DeInit                             0x08002020   Section        0  stm32f10x_tim.o(i.TIM_DeInit)
    i.TIM_GetITStatus                        0x08002190   Section        0  stm32f10x_tim.o(i.TIM_GetITStatus)
    i.TIM_OC1Init                            0x080021a8   Section        0  stm32f10x_tim.o(i.TIM_OC1Init)
    i.TIM_OC1PreloadConfig                   0x08002228   Section        0  stm32f10x_tim.o(i.TIM_OC1PreloadConfig)
    i.TIM_TimeBaseInit                       0x08002234   Section        0  stm32f10x_tim.o(i.TIM_TimeBaseInit)
    i.UART4_IRQHandler                       0x080022d0   Section        0  usart.o(i.UART4_IRQHandler)
    i.USART1_IRQHandler                      0x08002310   Section        0  usart.o(i.USART1_IRQHandler)
    i.USART2_IRQHandler                      0x0800237c   Section        0  usart.o(i.USART2_IRQHandler)
    i.USART3_IRQHandler                      0x080023fc   Section        0  usart.o(i.USART3_IRQHandler)
    i.USART_ClearFlag                        0x08002468   Section        0  stm32f10x_usart.o(i.USART_ClearFlag)
    i.USART_Cmd                              0x0800246e   Section        0  stm32f10x_usart.o(i.USART_Cmd)
    i.USART_DeInit                           0x08002484   Section        0  stm32f10x_usart.o(i.USART_DeInit)
    i.USART_GetFlagStatus                    0x080024f8   Section        0  stm32f10x_usart.o(i.USART_GetFlagStatus)
    i.USART_GetITStatus                      0x08002506   Section        0  stm32f10x_usart.o(i.USART_GetITStatus)
    i.USART_ITConfig                         0x08002544   Section        0  stm32f10x_usart.o(i.USART_ITConfig)
    i.USART_Init                             0x08002574   Section        0  stm32f10x_usart.o(i.USART_Init)
    i.USART_ReceiveData                      0x08002628   Section        0  stm32f10x_usart.o(i.USART_ReceiveData)
    i.USART_SendData                         0x08002630   Section        0  stm32f10x_usart.o(i.USART_SendData)
    i.UsageFault_Handler                     0x08002638   Section        0  stm32f10x_it.o(i.UsageFault_Handler)
    i.__scatterload_copy                     0x0800263a   Section       14  handlers.o(i.__scatterload_copy)
    i.__scatterload_null                     0x08002648   Section        2  handlers.o(i.__scatterload_null)
    i.__scatterload_zeroinit                 0x0800264a   Section       14  handlers.o(i.__scatterload_zeroinit)
    i.addring                                0x08002658   Section        0  main.o(i.addring)
    i.gpio_WIFIModeSwitch_init               0x08002664   Section        0  gpio.o(i.gpio_WIFIModeSwitch_init)
    i.main                                   0x080026a4   Section        0  main.o(i.main)
    i.rb_init                                0x0800276c   Section        0  main.o(i.rb_init)
    i.rb_put                                 0x08002776   Section        0  main.o(i.rb_put)
    i.uart1_init                             0x080027a8   Section        0  usart.o(i.uart1_init)
    i.uart2_init                             0x0800284c   Section        0  usart.o(i.uart2_init)
    i.uart3_init                             0x080028f4   Section        0  usart.o(i.uart3_init)
    i.uart4_disable                          0x080029a0   Section        0  usart.o(i.uart4_disable)
    i.uart4_init                             0x080029e0   Section        0  usart.o(i.uart4_init)
    i.uctsk_xfTTS                            0x08002a8c   Section        0  uctsk_xftts.o(i.uctsk_xfTTS)
    uctsk_xfTTS                              0x08002a8d   Thumb Code    24  uctsk_xftts.o(i.uctsk_xfTTS)
    .constdata                               0x08002ac8   Section      256  os_core.o(.constdata)
    .constdata                               0x08002bc8   Section       24  rtc.o(.constdata)
    .data                                    0x20000000   Section       16  main.o(.data)
    .data                                    0x20000010   Section        2  os_cpu_c.o(.data)
    OSTmrCtr                                 0x20000010   Data           2  os_cpu_c.o(.data)
    .data                                    0x20000014   Section       60  os_core.o(.data)
    .data                                    0x20000050   Section        4  os_core.o(.data)
    .data                                    0x20000054   Section        4  os_core.o(.data)
    .data                                    0x20000058   Section        4  os_core.o(.data)
    .data                                    0x2000005c   Section        2  os_core.o(.data)
    .data                                    0x2000005e   Section        2  os_core.o(.data)
    .data                                    0x20000060   Section        4  os_core.o(.data)
    .data                                    0x20000064   Section        4  os_core.o(.data)
    .data                                    0x20000068   Section        4  os_core.o(.data)
    .data                                    0x2000006c   Section        4  os_core.o(.data)
    .data                                    0x20000070   Section       20  system_stm32f10x.o(.data)
    .data                                    0x20000084   Section       20  stm32f10x_rcc.o(.data)
    ADCPrescTable                            0x20000084   Data           4  stm32f10x_rcc.o(.data)
    APBAHBPrescTable                         0x20000088   Data          16  stm32f10x_rcc.o(.data)
    .data                                    0x20000098   Section        6  usart.o(.data)
    .data                                    0x2000009e   Section        2  rtc.o(.data)
    daycnt                                   0x2000009e   Data           2  rtc.o(.data)
    .bss                                     0x200000a0   Section     3184  main.o(.bss)
    App_TaskStartStk                         0x200000a0   Data         256  main.o(.bss)
    .bss                                     0x20000d10   Section     1024  uctsk_xftts.o(.bss)
    App_TaskXfttsStk                         0x20000d10   Data        1024  uctsk_xftts.o(.bss)
    .bss                                     0x20001110   Section     3056  os_core.o(.bss)
    .bss                                     0x20001d00   Section       80  os_core.o(.bss)
    .bss                                     0x20001d50   Section      120  os_core.o(.bss)
    .bss                                     0x20001dc8   Section      480  os_core.o(.bss)
    .bss                                     0x20001fa8   Section      640  os_core.o(.bss)
    .bss                                     0x20002228   Section      256  os_core.o(.bss)
    .bss                                     0x20002328   Section       64  os_core.o(.bss)
    .bss                                     0x20002368   Section     2448  usart.o(.bss)
    .bss                                     0x20002cf8   Section       10  rtc.o(.bss)
    STACK                                    0x20002d08   Section     1024  startup_stm32f10x_hd.o(STACK)

    Global Symbols

    Symbol Name                              Value     Ov Type        Size  Object(Section)

    BuildAttributes$$THM_ISAv4$P$D$K$B$S$PE$A:L22UL41UL21$X:L11$S22US41US21$IEEE1$IW$USESV6$~STKCKD$USESV7$~SHL$OSPACE$ROPI$EBA8$MICROLIB$REQ8$PRES8$EABIv2 0x00000000   Number         0  anon$$obj.o ABSOLUTE
    __ARM_use_no_argv                        0x00000000   Number         0  main.o ABSOLUTE
    __use_no_errno                           0x00000000   Number         0  useno.o ABSOLUTE
    __use_no_exception_handling              0x00000000   Number         0  useno.o ABSOLUTE
    __use_no_fp                              0x00000000   Number         0  useno.o ABSOLUTE
    __use_no_heap                            0x00000000   Number         0  useno.o ABSOLUTE
    __use_no_heap_region                     0x00000000   Number         0  useno.o ABSOLUTE
    __use_no_semihosting                     0x00000000   Number         0  useno.o ABSOLUTE
    __use_no_semihosting_swi                 0x00000000   Number         0  useno.o ABSOLUTE
    __use_no_signal_handling                 0x00000000   Number         0  useno.o ABSOLUTE
    __cpp_initialize__aeabi_                  - Undefined Weak Reference
    __cxa_finalize                            - Undefined Weak Reference
    __decompress                              - Undefined Weak Reference
    _clock_init                               - Undefined Weak Reference
    _microlib_exit                            - Undefined Weak Reference
    __Vectors_Size                           0x00000130   Number         0  startup_stm32f10x_hd.o ABSOLUTE
    __Vectors                                0x08000000   Data           4  startup_stm32f10x_hd.o(RESET)
    __Vectors_End                            0x08000130   Data           0  startup_stm32f10x_hd.o(RESET)
    __main                                   0x08000131   Thumb Code     0  entry.o(.ARM.Collect$$$$00000000)
    _main_stk                                0x08000131   Thumb Code     0  entry2.o(.ARM.Collect$$$$00000001)
    _main_scatterload                        0x08000135   Thumb Code     0  entry5.o(.ARM.Collect$$$$00000004)
    __main_after_scatterload                 0x08000139   Thumb Code     0  entry5.o(.ARM.Collect$$$$00000004)
    _main_clock                              0x08000139   Thumb Code     0  entry7b.o(.ARM.Collect$$$$00000008)
    _main_cpp_init                           0x08000139   Thumb Code     0  entry8b.o(.ARM.Collect$$$$0000000A)
    _main_init                               0x08000139   Thumb Code     0  entry9a.o(.ARM.Collect$$$$0000000B)
    __rt_final_cpp                           0x08000141   Thumb Code     0  entry10a.o(.ARM.Collect$$$$0000000D)
    __rt_final_exit                          0x08000141   Thumb Code     0  entry11a.o(.ARM.Collect$$$$0000000F)
    OS_CPU_SR_Save                           0x08000145   Thumb Code     0  os_cpu_a.o(.text)
    OS_CPU_SR_Restore                        0x0800014d   Thumb Code     0  os_cpu_a.o(.text)
    OSStartHighRdy                           0x08000153   Thumb Code     0  os_cpu_a.o(.text)
    OSCtxSw                                  0x08000173   Thumb Code     0  os_cpu_a.o(.text)
    OSIntCtxSw                               0x0800017d   Thumb Code     0  os_cpu_a.o(.text)
    PendSV_Handler                           0x08000187   Thumb Code     0  os_cpu_a.o(.text)
    CPU_IntDis                               0x080001e9   Thumb Code     0  cpu_a.o(.text)
    CPU_IntEn                                0x080001ed   Thumb Code     0  cpu_a.o(.text)
    CPU_SR_Save                              0x080001f1   Thumb Code     0  cpu_a.o(.text)
    CPU_SR_Restore                           0x080001f9   Thumb Code     0  cpu_a.o(.text)
    CPU_CntLeadZeros                         0x080001ff   Thumb Code     0  cpu_a.o(.text)
    CPU_RevBits                              0x08000205   Thumb Code     0  cpu_a.o(.text)
    CPU_WaitForInt                           0x0800020b   Thumb Code     0  cpu_a.o(.text)
    CPU_WaitForExcept                        0x0800020f   Thumb Code     0  cpu_a.o(.text)
    Reset_Handler                            0x08000215   Thumb Code     8  startup_stm32f10x_hd.o(.text)
    ADC1_2_IRQHandler                        0x0800022f   Thumb Code     0  startup_stm32f10x_hd.o(.text)
    ADC3_IRQHandler                          0x0800022f   Thumb Code     0  startup_stm32f10x_hd.o(.text)
    CAN1_RX1_IRQHandler                      0x0800022f   Thumb Code     0  startup_stm32f10x_hd.o(.text)
    CAN1_SCE_IRQHandler                      0x0800022f   Thumb Code     0  startup_stm32f10x_hd.o(.text)
    DMA1_Channel1_IRQHandler                 0x0800022f   Thumb Code     0  startup_stm32f10x_hd.o(.text)
    DMA1_Channel2_IRQHandler                 0x0800022f   Thumb Code     0  startup_stm32f10x_hd.o(.text)
    DMA1_Channel3_IRQHandler                 0x0800022f   Thumb Code     0  startup_stm32f10x_hd.o(.text)
    DMA1_Channel4_IRQHandler                 0x0800022f   Thumb Code     0  startup_stm32f10x_hd.o(.text)
    DMA1_Channel5_IRQHandler                 0x0800022f   Thumb Code     0  startup_stm32f10x_hd.o(.text)
    DMA1_Channel6_IRQHandler                 0x0800022f   Thumb Code     0  startup_stm32f10x_hd.o(.text)
    DMA1_Channel7_IRQHandler                 0x0800022f   Thumb Code     0  startup_stm32f10x_hd.o(.text)
    DMA2_Channel1_IRQHandler                 0x0800022f   Thumb Code     0  startup_stm32f10x_hd.o(.text)
    DMA2_Channel2_IRQHandler                 0x0800022f   Thumb Code     0  startup_stm32f10x_hd.o(.text)
    DMA2_Channel3_IRQHandler                 0x0800022f   Thumb Code     0  startup_stm32f10x_hd.o(.text)
    DMA2_Channel4_5_IRQHandler               0x0800022f   Thumb Code     0  startup_stm32f10x_hd.o(.text)
    EXTI0_IRQHandler                         0x0800022f   Thumb Code     0  startup_stm32f10x_hd.o(.text)
    EXTI15_10_IRQHandler                     0x0800022f   Thumb Code     0  startup_stm32f10x_hd.o(.text)
    EXTI1_IRQHandler                         0x0800022f   Thumb Code     0  startup_stm32f10x_hd.o(.text)
    EXTI2_IRQHandler                         0x0800022f   Thumb Code     0  startup_stm32f10x_hd.o(.text)
    EXTI3_IRQHandler                         0x0800022f   Thumb Code     0  startup_stm32f10x_hd.o(.text)
    EXTI4_IRQHandler                         0x0800022f   Thumb Code     0  startup_stm32f10x_hd.o(.text)
    EXTI9_5_IRQHandler                       0x0800022f   Thumb Code     0  startup_stm32f10x_hd.o(.text)
    FLASH_IRQHandler                         0x0800022f   Thumb Code     0  startup_stm32f10x_hd.o(.text)
    FSMC_IRQHandler                          0x0800022f   Thumb Code     0  startup_stm32f10x_hd.o(.text)
    I2C1_ER_IRQHandler                       0x0800022f   Thumb Code     0  startup_stm32f10x_hd.o(.text)
    I2C1_EV_IRQHandler                       0x0800022f   Thumb Code     0  startup_stm32f10x_hd.o(.text)
    I2C2_ER_IRQHandler                       0x0800022f   Thumb Code     0  startup_stm32f10x_hd.o(.text)
    I2C2_EV_IRQHandler                       0x0800022f   Thumb Code     0  startup_stm32f10x_hd.o(.text)
    PVD_IRQHandler                           0x0800022f   Thumb Code     0  startup_stm32f10x_hd.o(.text)
    RCC_IRQHandler                           0x0800022f   Thumb Code     0  startup_stm32f10x_hd.o(.text)
    SDIO_IRQHandler                          0x0800022f   Thumb Code     0  startup_stm32f10x_hd.o(.text)
    SPI1_IRQHandler                          0x0800022f   Thumb Code     0  startup_stm32f10x_hd.o(.text)
    SPI2_IRQHandler                          0x0800022f   Thumb Code     0  startup_stm32f10x_hd.o(.text)
    SPI3_IRQHandler                          0x0800022f   Thumb Code     0  startup_stm32f10x_hd.o(.text)
    TAMPER_IRQHandler                        0x0800022f   Thumb Code     0  startup_stm32f10x_hd.o(.text)
    TIM1_BRK_IRQHandler                      0x0800022f   Thumb Code     0  startup_stm32f10x_hd.o(.text)
    TIM1_CC_IRQHandler                       0x0800022f   Thumb Code     0  startup_stm32f10x_hd.o(.text)
    TIM1_TRG_COM_IRQHandler                  0x0800022f   Thumb Code     0  startup_stm32f10x_hd.o(.text)
    TIM1_UP_IRQHandler                       0x0800022f   Thumb Code     0  startup_stm32f10x_hd.o(.text)
    TIM2_IRQHandler                          0x0800022f   Thumb Code     0  startup_stm32f10x_hd.o(.text)
    TIM5_IRQHandler                          0x0800022f   Thumb Code     0  startup_stm32f10x_hd.o(.text)
    TIM6_IRQHandler                          0x0800022f   Thumb Code     0  startup_stm32f10x_hd.o(.text)
    TIM7_IRQHandler                          0x0800022f   Thumb Code     0  startup_stm32f10x_hd.o(.text)
    TIM8_BRK_IRQHandler                      0x0800022f   Thumb Code     0  startup_stm32f10x_hd.o(.text)
    TIM8_CC_IRQHandler                       0x0800022f   Thumb Code     0  startup_stm32f10x_hd.o(.text)
    TIM8_TRG_COM_IRQHandler                  0x0800022f   Thumb Code     0  startup_stm32f10x_hd.o(.text)
    TIM8_UP_IRQHandler                       0x0800022f   Thumb Code     0  startup_stm32f10x_hd.o(.text)
    UART5_IRQHandler                         0x0800022f   Thumb Code     0  startup_stm32f10x_hd.o(.text)
    USBWakeUp_IRQHandler                     0x0800022f   Thumb Code     0  startup_stm32f10x_hd.o(.text)
    USB_HP_CAN1_TX_IRQHandler                0x0800022f   Thumb Code     0  startup_stm32f10x_hd.o(.text)
    USB_LP_CAN1_RX0_IRQHandler               0x0800022f   Thumb Code     0  startup_stm32f10x_hd.o(.text)
    WWDG_IRQHandler                          0x0800022f   Thumb Code     0  startup_stm32f10x_hd.o(.text)
    __aeabi_memset                           0x08000239   Thumb Code    14  memseta.o(.text)
    __aeabi_memset4                          0x08000239   Thumb Code     0  memseta.o(.text)
    __aeabi_memset8                          0x08000239   Thumb Code     0  memseta.o(.text)
    __aeabi_memclr                           0x08000247   Thumb Code     4  memseta.o(.text)
    __aeabi_memclr4                          0x08000247   Thumb Code     0  memseta.o(.text)
    __aeabi_memclr8                          0x08000247   Thumb Code     0  memseta.o(.text)
    _memset$wrapper                          0x0800024b   Thumb Code    18  memseta.o(.text)
    strlen                                   0x0800025d   Thumb Code    14  strlen.o(.text)
    __aeabi_dmul                             0x0800026b   Thumb Code   228  dmul.o(.text)
    __aeabi_ui2d                             0x0800034f   Thumb Code    26  dfltui.o(.text)
    __I$use$fp                               0x08000369   Thumb Code     0  iusefp.o(.text)
    _double_round                            0x08000369   Thumb Code    26  depilogue.o(.text)
    _double_epilogue                         0x08000383   Thumb Code   164  depilogue.o(.text)
    __scatterload                            0x08000429   Thumb Code    28  init.o(.text)
    __scatterload_rt2                        0x08000429   Thumb Code     0  init.o(.text)
    __aeabi_llsl                             0x0800044d   Thumb Code    30  llshl.o(.text)
    _ll_shift_l                              0x0800044d   Thumb Code     0  llshl.o(.text)
    __aeabi_llsr                             0x0800046b   Thumb Code    32  llushr.o(.text)
    _ll_ushift_r                             0x0800046b   Thumb Code     0  llushr.o(.text)
    ADC_Cmd                                  0x0800048b   Thumb Code    20  stm32f10x_adc.o(i.ADC_Cmd)
    ADC_DeInit                               0x080004a1   Thumb Code    56  stm32f10x_adc.o(i.ADC_DeInit)
    ADC_GetCalibrationStatus                 0x080004e5   Thumb Code    14  stm32f10x_adc.o(i.ADC_GetCalibrationStatus)
    ADC_GetConversionValue                   0x080004f3   Thumb Code     6  stm32f10x_adc.o(i.ADC_GetConversionValue)
    ADC_GetFlagStatus                        0x080004f9   Thumb Code    14  stm32f10x_adc.o(i.ADC_GetFlagStatus)
    ADC_GetResetCalibrationStatus            0x08000507   Thumb Code    14  stm32f10x_adc.o(i.ADC_GetResetCalibrationStatus)
    ADC_Init                                 0x08000515   Thumb Code    62  stm32f10x_adc.o(i.ADC_Init)
    ADC_RegularChannelConfig                 0x0800055d   Thumb Code   116  stm32f10x_adc.o(i.ADC_RegularChannelConfig)
    ADC_ResetCalibration                     0x080005d1   Thumb Code    10  stm32f10x_adc.o(i.ADC_ResetCalibration)
    ADC_SoftwareStartConvCmd                 0x080005db   Thumb Code    20  stm32f10x_adc.o(i.ADC_SoftwareStartConvCmd)
    ADC_StartCalibration                     0x080005ef   Thumb Code    10  stm32f10x_adc.o(i.ADC_StartCalibration)
    Adc_Init                                 0x080005f9   Thumb Code   294  adc.o(i.Adc_Init)
    App_TCBInitHook                          0x08000731   Thumb Code     2  os_apphooks.o(i.App_TCBInitHook)
    App_TaskCreateHook                       0x080007a9   Thumb Code     2  os_apphooks.o(i.App_TaskCreateHook)
    App_TaskIdleHook                         0x080007ab   Thumb Code     2  os_apphooks.o(i.App_TaskIdleHook)
    App_TaskStatHook                         0x080007b9   Thumb Code     2  os_apphooks.o(i.App_TaskStatHook)
    App_TaskSwHook                           0x080007bb   Thumb Code     2  os_apphooks.o(i.App_TaskSwHook)
    App_TimeTickHook                         0x080007bd   Thumb Code     2  os_apphooks.o(i.App_TimeTickHook)
    App_xfTTSTaskCreate                      0x080007c1   Thumb Code    30  uctsk_xftts.o(i.App_xfTTSTaskCreate)
    BusFault_Handler                         0x080007f5   Thumb Code     2  stm32f10x_it.o(i.BusFault_Handler)
    DebugMon_Handler                         0x080007f7   Thumb Code     2  stm32f10x_it.o(i.DebugMon_Handler)
    EXTI_ClearITPendingBit                   0x080007f9   Thumb Code     6  stm32f10x_exti.o(i.EXTI_ClearITPendingBit)
    GPIO_Init                                0x08000805   Thumb Code   158  stm32f10x_gpio.o(i.GPIO_Init)
    GPIO_ReadInputDataBit                    0x080008a3   Thumb Code    14  stm32f10x_gpio.o(i.GPIO_ReadInputDataBit)
    Get_Adc                                  0x080008b1   Thumb Code    46  adc.o(i.Get_Adc)
    Get_Adc_Average                          0x080008e5   Thumb Code    66  adc.o(i.Get_Adc_Average)
    HardFault_Handler                        0x08000927   Thumb Code     2  stm32f10x_it.o(i.HardFault_Handler)
    Is_Leap_Year                             0x08000929   Thumb Code    38  rtc.o(i.Is_Leap_Year)
    MemManage_Handler                        0x0800094f   Thumb Code     2  stm32f10x_it.o(i.MemManage_Handler)
    Message_Queue_Init                       0x08000951   Thumb Code    46  main.o(i.Message_Queue_Init)
    NMI_Handler                              0x0800097f   Thumb Code     2  stm32f10x_it.o(i.NMI_Handler)
    NVIC_Init                                0x08000981   Thumb Code    90  misc.o(i.NVIC_Init)
    OSDebugInit                              0x080009e5   Thumb Code     2  os_dbg.o(i.OSDebugInit)
    OSEventNameSet                           0x080009e9   Thumb Code    70  os_core.o(i.OSEventNameSet)
    OSInit                                   0x08000a35   Thumb Code   178  os_core.o(i.OSInit)
    OSInitHookBegin                          0x08000b1d   Thumb Code     8  os_cpu_c.o(i.OSInitHookBegin)
    OSInitHookEnd                            0x08000b29   Thumb Code     2  os_cpu_c.o(i.OSInitHookEnd)
    OSIntEnter                               0x08000b2d   Thumb Code    20  os_core.o(i.OSIntEnter)
    OSIntExit                                0x08000b45   Thumb Code    82  os_core.o(i.OSIntExit)
    OSQCreate                                0x08000ba1   Thumb Code   114  os_q.o(i.OSQCreate)
    OSSchedLock                              0x08000c25   Thumb Code    38  os_core.o(i.OSSchedLock)
    OSSchedUnlock                            0x08000c51   Thumb Code    54  os_core.o(i.OSSchedUnlock)
    OSSemCreate                              0x08000c8d   Thumb Code    58  os_sem.o(i.OSSemCreate)
    OSSemPend                                0x08000cd5   Thumb Code   178  os_sem.o(i.OSSemPend)
    OSSemPost                                0x08000d95   Thumb Code    88  os_sem.o(i.OSSemPost)
    OSStart                                  0x08000ded   Thumb Code    38  os_core.o(i.OSStart)
    OSStatInit                               0x08000e1d   Thumb Code    48  os_core.o(i.OSStatInit)
    OSTCBInitHook                            0x08000e51   Thumb Code     4  os_cpu_c.o(i.OSTCBInitHook)
    OSTaskCreate                             0x08000e55   Thumb Code   132  os_task.o(i.OSTaskCreate)
    OSTaskCreateExt                          0x08000ee5   Thumb Code   152  os_task.o(i.OSTaskCreateExt)
    OSTaskCreateHook                         0x08000f89   Thumb Code     4  os_cpu_c.o(i.OSTaskCreateHook)
    OSTaskIdleHook                           0x08000f8d   Thumb Code     4  os_cpu_c.o(i.OSTaskIdleHook)
    OSTaskNameSet                            0x08000f91   Thumb Code    94  os_task.o(i.OSTaskNameSet)
    OSTaskStatHook                           0x08000ffd   Thumb Code     4  os_cpu_c.o(i.OSTaskStatHook)
    OSTaskStkChk                             0x08001001   Thumb Code   128  os_task.o(i.OSTaskStkChk)
    OSTaskStkInit                            0x08001089   Thumb Code   116  os_cpu_c.o(i.OSTaskStkInit)
    OSTaskSuspend                            0x080010fd   Thumb Code   152  os_task.o(i.OSTaskSuspend)
    OSTaskSwHook                             0x080011a5   Thumb Code     4  os_cpu_c.o(i.OSTaskSwHook)
    OSTimeDly                                0x080011a9   Thumb Code    82  os_time.o(i.OSTimeDly)
    OSTimeDlyHMSM                            0x08001211   Thumb Code   108  os_time.o(i.OSTimeDlyHMSM)
    OSTimeTick                               0x08001285   Thumb Code   154  os_core.o(i.OSTimeTick)
    OSTimeTickHook                           0x08001325   Thumb Code    20  os_cpu_c.o(i.OSTimeTickHook)
    OSTmrSignal                              0x0800133d   Thumb Code     8  os_tmr.o(i.OSTmrSignal)
    OSTmr_Init                               0x08001349   Thumb Code   194  os_tmr.o(i.OSTmr_Init)
    OS_CPU_SysTickInit                       0x08001575   Thumb Code    46  os_cpu_c.o(i.OS_CPU_SysTickInit)
    OS_EventTaskRdy                          0x080015ad   Thumb Code   108  os_core.o(i.OS_EventTaskRdy)
    OS_EventTaskRemove                       0x08001625   Thumb Code    32  os_core.o(i.OS_EventTaskRemove)
    OS_EventTaskRemoveMulti                  0x08001645   Thumb Code    38  os_core.o(i.OS_EventTaskRemoveMulti)
    OS_EventTaskWait                         0x0800166d   Thumb Code    66  os_core.o(i.OS_EventTaskWait)
    OS_EventWaitListInit                     0x080016b5   Thumb Code    20  os_core.o(i.OS_EventWaitListInit)
    OS_FlagInit                              0x080016c9   Thumb Code    60  os_flag.o(i.OS_FlagInit)
    OS_MemClr                                0x080017d9   Thumb Code    18  os_core.o(i.OS_MemClr)
    OS_MemInit                               0x080017ed   Thumb Code    64  os_mem.o(i.OS_MemInit)
    OS_QInit                                 0x08001839   Thumb Code    58  os_q.o(i.OS_QInit)
    OS_Sched                                 0x0800187d   Thumb Code    64  os_core.o(i.OS_Sched)
    OS_TCBInit                               0x080018e5   Thumb Code   220  os_core.o(i.OS_TCBInit)
    OS_TaskIdle                              0x080019cd   Thumb Code    24  os_core.o(i.OS_TaskIdle)
    OS_TaskStat                              0x080019e9   Thumb Code    82  os_core.o(i.OS_TaskStat)
    OS_TaskStatStkChk                        0x08001a41   Thumb Code    50  os_core.o(i.OS_TaskStatStkChk)
    OS_TaskStkClr                            0x08001a79   Thumb Code    22  os_task.o(i.OS_TaskStkClr)
    RCC_ADCCLKConfig                         0x08001a91   Thumb Code    14  stm32f10x_rcc.o(i.RCC_ADCCLKConfig)
    RCC_APB1PeriphClockCmd                   0x08001aa5   Thumb Code    18  stm32f10x_rcc.o(i.RCC_APB1PeriphClockCmd)
    RCC_APB1PeriphResetCmd                   0x08001abd   Thumb Code    18  stm32f10x_rcc.o(i.RCC_APB1PeriphResetCmd)
    RCC_APB2PeriphClockCmd                   0x08001ad5   Thumb Code    18  stm32f10x_rcc.o(i.RCC_APB2PeriphClockCmd)
    RCC_APB2PeriphResetCmd                   0x08001aed   Thumb Code    18  stm32f10x_rcc.o(i.RCC_APB2PeriphResetCmd)
    RCC_GetClocksFreq                        0x08001b05   Thumb Code   130  stm32f10x_rcc.o(i.RCC_GetClocksFreq)
    RTCAlarm_IRQHandler                      0x08001b99   Thumb Code    18  rtc.o(i.RTCAlarm_IRQHandler)
    RTC_ClearITPendingBit                    0x08001bad   Thumb Code    10  stm32f10x_rtc.o(i.RTC_ClearITPendingBit)
    RTC_Get                                  0x08001bbd   Thumb Code   188  rtc.o(i.RTC_Get)
    RTC_GetCounter                           0x08001c89   Thumb Code    16  stm32f10x_rtc.o(i.RTC_GetCounter)
    RTC_GetITStatus                          0x08001c9d   Thumb Code    28  stm32f10x_rtc.o(i.RTC_GetITStatus)
    RTC_Get_Week                             0x08001cbd   Thumb Code    72  rtc.o(i.RTC_Get_Week)
    RTC_IRQHandler                           0x08001d09   Thumb Code    46  rtc.o(i.RTC_IRQHandler)
    RTC_WaitForLastTask                      0x08001d39   Thumb Code    10  stm32f10x_rtc.o(i.RTC_WaitForLastTask)
    ReadText                                 0x08001d49   Thumb Code   156  uctsk_xftts.o(i.ReadText)
    SVC_Handler                              0x08001de9   Thumb Code     2  stm32f10x_it.o(i.SVC_Handler)
    SysTick_Handler                          0x08001e95   Thumb Code    30  stm32f10x_it.o(i.SysTick_Handler)
    SystemInit                               0x08001eb9   Thumb Code    64  system_stm32f10x.o(i.SystemInit)
    TIM1_PWM_Init                            0x08001f09   Thumb Code   162  pwm.o(i.TIM1_PWM_Init)
    TIM3_IRQHandler                          0x08001fb5   Thumb Code     2  encode.o(i.TIM3_IRQHandler)
    TIM4_IRQHandler                          0x08001fb9   Thumb Code    30  pwm.o(i.TIM4_IRQHandler)
    TIM_ARRPreloadConfig                     0x08001fdd   Thumb Code    20  stm32f10x_tim.o(i.TIM_ARRPreloadConfig)
    TIM_ClearITPendingBit                    0x08001ff1   Thumb Code     6  stm32f10x_tim.o(i.TIM_ClearITPendingBit)
    TIM_Cmd                                  0x08001ff7   Thumb Code    20  stm32f10x_tim.o(i.TIM_Cmd)
    TIM_CtrlPWMOutputs                       0x0800200b   Thumb Code    22  stm32f10x_tim.o(i.TIM_CtrlPWMOutputs)
    TIM_DeInit                               0x08002021   Thumb Code   304  stm32f10x_tim.o(i.TIM_DeInit)
    TIM_GetITStatus                          0x08002191   Thumb Code    24  stm32f10x_tim.o(i.TIM_GetITStatus)
    TIM_OC1Init                              0x080021a9   Thumb Code   106  stm32f10x_tim.o(i.TIM_OC1Init)
    TIM_OC1PreloadConfig                     0x08002229   Thumb Code    12  stm32f10x_tim.o(i.TIM_OC1PreloadConfig)
    TIM_TimeBaseInit                         0x08002235   Thumb Code   114  stm32f10x_tim.o(i.TIM_TimeBaseInit)
    UART4_IRQHandler                         0x080022d1   Thumb Code    54  usart.o(i.UART4_IRQHandler)
    USART1_IRQHandler                        0x08002311   Thumb Code    94  usart.o(i.USART1_IRQHandler)
    USART2_IRQHandler                        0x0800237d   Thumb Code   112  usart.o(i.USART2_IRQHandler)
    USART3_IRQHandler                        0x080023fd   Thumb Code    94  usart.o(i.USART3_IRQHandler)
    USART_ClearFlag                          0x08002469   Thumb Code     6  stm32f10x_usart.o(i.USART_ClearFlag)
    USART_Cmd                                0x0800246f   Thumb Code    20  stm32f10x_usart.o(i.USART_Cmd)
    USART_DeInit                             0x08002485   Thumb Code    96  stm32f10x_usart.o(i.USART_DeInit)
    USART_GetFlagStatus                      0x080024f9   Thumb Code    14  stm32f10x_usart.o(i.USART_GetFlagStatus)
    USART_GetITStatus                        0x08002507   Thumb Code    62  stm32f10x_usart.o(i.USART_GetITStatus)
    USART_ITConfig                           0x08002545   Thumb Code    48  stm32f10x_usart.o(i.USART_ITConfig)
    USART_Init                               0x08002575   Thumb Code   176  stm32f10x_usart.o(i.USART_Init)
    USART_ReceiveData                        0x08002629   Thumb Code     8  stm32f10x_usart.o(i.USART_ReceiveData)
    USART_SendData                           0x08002631   Thumb Code     8  stm32f10x_usart.o(i.USART_SendData)
    UsageFault_Handler                       0x08002639   Thumb Code     2  stm32f10x_it.o(i.UsageFault_Handler)
    __scatterload_copy                       0x0800263b   Thumb Code    14  handlers.o(i.__scatterload_copy)
    __scatterload_null                       0x08002649   Thumb Code     2  handlers.o(i.__scatterload_null)
    __scatterload_zeroinit                   0x0800264b   Thumb Code    14  handlers.o(i.__scatterload_zeroinit)
    addring                                  0x08002659   Thumb Code    12  main.o(i.addring)
    gpio_WIFIModeSwitch_init                 0x08002665   Thumb Code    54  gpio.o(i.gpio_WIFIModeSwitch_init)
    main                                     0x080026a5   Thumb Code   158  main.o(i.main)
    rb_init                                  0x0800276d   Thumb Code    10  main.o(i.rb_init)
    rb_put                                   0x08002777   Thumb Code    48  main.o(i.rb_put)
    uart1_init                               0x080027a9   Thumb Code   156  usart.o(i.uart1_init)
    uart2_init                               0x0800284d   Thumb Code   156  usart.o(i.uart2_init)
    uart3_init                               0x080028f5   Thumb Code   162  usart.o(i.uart3_init)
    uart4_disable                            0x080029a1   Thumb Code    60  usart.o(i.uart4_disable)
    uart4_init                               0x080029e1   Thumb Code   162  usart.o(i.uart4_init)
    OSUnMapTbl                               0x08002ac8   Data         256  os_core.o(.constdata)
    table_week                               0x08002bc8   Data          12  rtc.o(.constdata)
    mon_table                                0x08002bd4   Data          12  rtc.o(.constdata)
    Region$$Table$$Base                      0x08002be0   Number         0  anon$$obj.o(Region$$Table)
    Region$$Table$$Limit                     0x08002c00   Number         0  anon$$obj.o(Region$$Table)
    WIFIStatus                               0x20000000   Data           1  main.o(.data)
    LuaStatus                                0x20000001   Data           1  main.o(.data)
    Str_Q_XFTTS                              0x20000004   Data           4  main.o(.data)
    voltageStatus                            0x20000008   Data           8  main.o(.data)
    OSCPUUsage                               0x20000014   Data           1  os_core.o(.data)
    OSStatRdy                                0x20000015   Data           1  os_core.o(.data)
    OSIntNesting                             0x20000016   Data           1  os_core.o(.data)
    OSLockNesting                            0x20000017   Data           1  os_core.o(.data)
    OSPrioCur                                0x20000018   Data           1  os_core.o(.data)
    OSPrioHighRdy                            0x20000019   Data           1  os_core.o(.data)
    OSRdyGrp                                 0x2000001a   Data           1  os_core.o(.data)
    OSRunning                                0x2000001b   Data           1  os_core.o(.data)
    OSTaskCtr                                0x2000001c   Data           1  os_core.o(.data)
    OSTickStepState                          0x2000001d   Data           1  os_core.o(.data)
    OSCtxSwCtr                               0x20000020   Data           4  os_core.o(.data)
    OSEventFreeList                          0x20000024   Data           4  os_core.o(.data)
    OSIdleCtrMax                             0x20000028   Data           4  os_core.o(.data)
    OSIdleCtrRun                             0x2000002c   Data           4  os_core.o(.data)
    OSIdleCtr                                0x20000030   Data           4  os_core.o(.data)
    OSTCBCur                                 0x20000034   Data           4  os_core.o(.data)
    OSTCBFreeList                            0x20000038   Data           4  os_core.o(.data)
    OSTCBHighRdy                             0x2000003c   Data           4  os_core.o(.data)
    OSTCBList                                0x20000040   Data           4  os_core.o(.data)
    OSTime                                   0x20000044   Data           4  os_core.o(.data)
    OSRdyTbl                                 0x20000048   Data           8  os_core.o(.data)
    OSFlagFreeList                           0x20000050   Data           4  os_core.o(.data)
    OSMemFreeList                            0x20000054   Data           4  os_core.o(.data)
    OSQFreeList                              0x20000058   Data           4  os_core.o(.data)
    OSTmrFree                                0x2000005c   Data           2  os_core.o(.data)
    OSTmrUsed                                0x2000005e   Data           2  os_core.o(.data)
    OSTmrTime                                0x20000060   Data           4  os_core.o(.data)
    OSTmrSem                                 0x20000064   Data           4  os_core.o(.data)
    OSTmrSemSignal                           0x20000068   Data           4  os_core.o(.data)
    OSTmrFreeList                            0x2000006c   Data           4  os_core.o(.data)
    SystemCoreClock                          0x20000070   Data           4  system_stm32f10x.o(.data)
    AHBPrescTable                            0x20000074   Data          16  system_stm32f10x.o(.data)
    USART1_RX_STA                            0x20000098   Data           2  usart.o(.data)
    USART2_RX_STA                            0x2000009a   Data           2  usart.o(.data)
    USART3_RX_STA                            0x2000009c   Data           2  usart.o(.data)
    Msg_XFTTS                                0x200001a0   Data          80  main.o(.bss)
    cb                                       0x200001f0   Data         268  main.o(.bss)
    mb                                       0x200002fc   Data        2580  main.o(.bss)
    OSEventTbl                               0x20001110   Data         480  os_core.o(.bss)
    OSTaskStatStk                            0x200012f0   Data         256  os_core.o(.bss)
    OSTaskIdleStk                            0x200013f0   Data         128  os_core.o(.bss)
    OSTCBPrioTbl                             0x20001470   Data         256  os_core.o(.bss)
    OSTCBTbl                                 0x20001570   Data        1936  os_core.o(.bss)
    OSFlagTbl                                0x20001d00   Data          80  os_core.o(.bss)
    OSMemTbl                                 0x20001d50   Data         120  os_core.o(.bss)
    OSQTbl                                   0x20001dc8   Data         480  os_core.o(.bss)
    OSTmrTbl                                 0x20001fa8   Data         640  os_core.o(.bss)
    OSTmrTaskStk                             0x20002228   Data         256  os_core.o(.bss)
    OSTmrWheelTbl                            0x20002328   Data          64  os_core.o(.bss)
    USART1_RX_BUF                            0x20002368   Data         200  usart.o(.bss)
    USART2_RX_BUF                            0x20002430   Data         200  usart.o(.bss)
    USART3_RX_BUF                            0x200024f8   Data        2048  usart.o(.bss)
    calendar                                 0x20002cf8   Data          10  rtc.o(.bss)
    __initial_sp                             0x20003108   Data           0  startup_stm32f10x_hd.o(STACK)



==============================================================================

Memory Map of the image

  Image Entry point : 0x08000131

  Load Region LR_IROM1 (Base: 0x08000000, Size: 0x00002ca0, Max: 0x00040000, ABSOLUTE)

    Execution Region ER_IROM1 (Base: 0x08000000, Size: 0x00002c00, Max: 0x00040000, ABSOLUTE)

    Base Addr    Size         Type   Attr      Idx    E Section Name        Object

    0x08000000   0x00000130   Data   RO         4498    RESET               startup_stm32f10x_hd.o
    0x08000130   0x00000000   Code   RO         4892  * .ARM.Collect$$$$00000000  mc_w.l(entry.o)
    0x08000130   0x00000004   Code   RO         5163    .ARM.Collect$$$$00000001  mc_w.l(entry2.o)
    0x08000134   0x00000004   Code   RO         5166    .ARM.Collect$$$$00000004  mc_w.l(entry5.o)
    0x08000138   0x00000000   Code   RO         5168    .ARM.Collect$$$$00000008  mc_w.l(entry7b.o)
    0x08000138   0x00000000   Code   RO         5170    .ARM.Collect$$$$0000000A  mc_w.l(entry8b.o)
    0x08000138   0x00000008   Code   RO         5171    .ARM.Collect$$$$0000000B  mc_w.l(entry9a.o)
    0x08000140   0x00000000   Code   RO         5173    .ARM.Collect$$$$0000000D  mc_w.l(entry10a.o)
    0x08000140   0x00000000   Code   RO         5175    .ARM.Collect$$$$0000000F  mc_w.l(entry11a.o)
    0x08000140   0x00000004   Code   RO         5164    .ARM.Collect$$$$00002712  mc_w.l(entry2.o)
    0x08000144   0x000000a4   Code   RO          496    .text               os_cpu_a.o
    0x080001e8   0x0000002a   Code   RO          542    .text               cpu_a.o
    0x08000212   0x00000002   PAD
    0x08000214   0x00000024   Code   RO         4499    .text               startup_stm32f10x_hd.o
    0x08000238   0x00000024   Code   RO         4895    .text               mc_w.l(memseta.o)
    0x0800025c   0x0000000e   Code   RO         4897    .text               mc_w.l(strlen.o)
    0x0800026a   0x000000e4   Code   RO         5159    .text               mf_w.l(dmul.o)
    0x0800034e   0x0000001a   Code   RO         5161    .text               mf_w.l(dfltui.o)
    0x08000368   0x00000000   Code   RO         5181    .text               mc_w.l(iusefp.o)
    0x08000368   0x000000be   Code   RO         5182    .text               mf_w.l(depilogue.o)
    0x08000426   0x00000002   PAD
    0x08000428   0x00000024   Code   RO         5192    .text               mc_w.l(init.o)
    0x0800044c   0x0000001e   Code   RO         5194    .text               mc_w.l(llshl.o)
    0x0800046a   0x00000020   Code   RO         5196    .text               mc_w.l(llushr.o)
    0x0800048a   0x00000014   Code   RO         2081    i.ADC_Cmd           stm32f10x_adc.o
    0x0800049e   0x00000002   PAD
    0x080004a0   0x00000044   Code   RO         2083    i.ADC_DeInit        stm32f10x_adc.o
    0x080004e4   0x0000000e   Code   RO         2089    i.ADC_GetCalibrationStatus  stm32f10x_adc.o
    0x080004f2   0x00000006   Code   RO         2090    i.ADC_GetConversionValue  stm32f10x_adc.o
    0x080004f8   0x0000000e   Code   RO         2092    i.ADC_GetFlagStatus  stm32f10x_adc.o
    0x08000506   0x0000000e   Code   RO         2095    i.ADC_GetResetCalibrationStatus  stm32f10x_adc.o
    0x08000514   0x00000048   Code   RO         2099    i.ADC_Init          stm32f10x_adc.o
    0x0800055c   0x00000074   Code   RO         2103    i.ADC_RegularChannelConfig  stm32f10x_adc.o
    0x080005d0   0x0000000a   Code   RO         2104    i.ADC_ResetCalibration  stm32f10x_adc.o
    0x080005da   0x00000014   Code   RO         2106    i.ADC_SoftwareStartConvCmd  stm32f10x_adc.o
    0x080005ee   0x0000000a   Code   RO         2108    i.ADC_StartCalibration  stm32f10x_adc.o
    0x080005f8   0x00000138   Code   RO         4678    i.Adc_Init          adc.o
    0x08000730   0x00000002   Code   RO         1436    i.App_TCBInitHook   os_apphooks.o
    0x08000732   0x00000002   PAD
    0x08000734   0x00000074   Code   RO            1    i.App_TaskCreate    main.o
    0x080007a8   0x00000002   Code   RO         1437    i.App_TaskCreateHook  os_apphooks.o
    0x080007aa   0x00000002   Code   RO         1439    i.App_TaskIdleHook  os_apphooks.o
    0x080007ac   0x0000000c   Code   RO            2    i.App_TaskStart     main.o
    0x080007b8   0x00000002   Code   RO         1441    i.App_TaskStatHook  os_apphooks.o
    0x080007ba   0x00000002   Code   RO         1442    i.App_TaskSwHook    os_apphooks.o
    0x080007bc   0x00000002   Code   RO         1443    i.App_TimeTickHook  os_apphooks.o
    0x080007be   0x00000002   PAD
    0x080007c0   0x00000034   Code   RO          352    i.App_xfTTSTaskCreate  uctsk_xftts.o
    0x080007f4   0x00000002   Code   RO          292    i.BusFault_Handler  stm32f10x_it.o
    0x080007f6   0x00000002   Code   RO          293    i.DebugMon_Handler  stm32f10x_it.o
    0x080007f8   0x0000000c   Code   RO         2822    i.EXTI_ClearITPendingBit  stm32f10x_exti.o
    0x08000804   0x0000009e   Code   RO         1767    i.GPIO_Init         stm32f10x_gpio.o
    0x080008a2   0x0000000e   Code   RO         1771    i.GPIO_ReadInputDataBit  stm32f10x_gpio.o
    0x080008b0   0x00000034   Code   RO         4679    i.Get_Adc           adc.o
    0x080008e4   0x00000042   Code   RO         4680    i.Get_Adc_Average   adc.o
    0x08000926   0x00000002   Code   RO          294    i.HardFault_Handler  stm32f10x_it.o
    0x08000928   0x00000026   Code   RO         4825    i.Is_Leap_Year      rtc.o
    0x0800094e   0x00000002   Code   RO          295    i.MemManage_Handler  stm32f10x_it.o
    0x08000950   0x0000002e   Code   RO            5    i.Message_Queue_Init  main.o
    0x0800097e   0x00000002   Code   RO          296    i.NMI_Handler       stm32f10x_it.o
    0x08000980   0x00000064   Code   RO         1550    i.NVIC_Init         misc.o
    0x080009e4   0x00000002   Code   RO          377    i.OSDebugInit       os_dbg.o
    0x080009e6   0x00000002   PAD
    0x080009e8   0x0000004c   Code   RO          546    i.OSEventNameSet    os_core.o
    0x08000a34   0x000000e8   Code   RO          548    i.OSInit            os_core.o
    0x08000b1c   0x0000000c   Code   RO          399    i.OSInitHookBegin   os_cpu_c.o
    0x08000b28   0x00000002   Code   RO          400    i.OSInitHookEnd     os_cpu_c.o
    0x08000b2a   0x00000002   PAD
    0x08000b2c   0x00000018   Code   RO          549    i.OSIntEnter        os_core.o
    0x08000b44   0x0000005c   Code   RO          550    i.OSIntExit         os_core.o
    0x08000ba0   0x00000084   Code   RO          981    i.OSQCreate         os_q.o
    0x08000c24   0x0000002c   Code   RO          551    i.OSSchedLock       os_core.o
    0x08000c50   0x0000003c   Code   RO          552    i.OSSchedUnlock     os_core.o
    0x08000c8c   0x00000048   Code   RO         1053    i.OSSemCreate       os_sem.o
    0x08000cd4   0x000000c0   Code   RO         1055    i.OSSemPend         os_sem.o
    0x08000d94   0x00000058   Code   RO         1057    i.OSSemPost         os_sem.o
    0x08000dec   0x00000030   Code   RO          553    i.OSStart           os_core.o
    0x08000e1c   0x00000034   Code   RO          554    i.OSStatInit        os_core.o
    0x08000e50   0x00000004   Code   RO          401    i.OSTCBInitHook     os_cpu_c.o
    0x08000e54   0x00000090   Code   RO         1107    i.OSTaskCreate      os_task.o
    0x08000ee4   0x000000a4   Code   RO         1108    i.OSTaskCreateExt   os_task.o
    0x08000f88   0x00000004   Code   RO          402    i.OSTaskCreateHook  os_cpu_c.o
    0x08000f8c   0x00000004   Code   RO          404    i.OSTaskIdleHook    os_cpu_c.o
    0x08000f90   0x0000006c   Code   RO         1112    i.OSTaskNameSet     os_task.o
    0x08000ffc   0x00000004   Code   RO          405    i.OSTaskStatHook    os_cpu_c.o
    0x08001000   0x00000088   Code   RO         1117    i.OSTaskStkChk      os_task.o
    0x08001088   0x00000074   Code   RO          406    i.OSTaskStkInit     os_cpu_c.o
    0x080010fc   0x000000a8   Code   RO         1118    i.OSTaskSuspend     os_task.o
    0x080011a4   0x00000004   Code   RO          407    i.OSTaskSwHook      os_cpu_c.o
    0x080011a8   0x00000068   Code   RO         1202    i.OSTimeDly         os_time.o
    0x08001210   0x00000074   Code   RO         1203    i.OSTimeDlyHMSM     os_time.o
    0x08001284   0x000000a0   Code   RO          555    i.OSTimeTick        os_core.o
    0x08001324   0x00000018   Code   RO          408    i.OSTimeTickHook    os_cpu_c.o
    0x0800133c   0x0000000c   Code   RO         1242    i.OSTmrSignal       os_tmr.o
    0x08001348   0x00000128   Code   RO         1247    i.OSTmr_Init        os_tmr.o
    0x08001470   0x0000004c   Code   RO         1248    i.OSTmr_Link        os_tmr.o
    0x080014bc   0x00000078   Code   RO         1249    i.OSTmr_Task        os_tmr.o
    0x08001534   0x00000040   Code   RO         1250    i.OSTmr_Unlink      os_tmr.o
    0x08001574   0x00000038   Code   RO          411    i.OS_CPU_SysTickInit  os_cpu_c.o
    0x080015ac   0x00000078   Code   RO          558    i.OS_EventTaskRdy   os_core.o
    0x08001624   0x00000020   Code   RO          559    i.OS_EventTaskRemove  os_core.o
    0x08001644   0x00000026   Code   RO          560    i.OS_EventTaskRemoveMulti  os_core.o
    0x0800166a   0x00000002   PAD
    0x0800166c   0x00000048   Code   RO          561    i.OS_EventTaskWait  os_core.o
    0x080016b4   0x00000014   Code   RO          563    i.OS_EventWaitListInit  os_core.o
    0x080016c8   0x00000048   Code   RO          759    i.OS_FlagInit       os_flag.o
    0x08001710   0x00000058   Code   RO          564    i.OS_InitEventList  os_core.o
    0x08001768   0x00000070   Code   RO          565    i.OS_InitTCBList    os_core.o
    0x080017d8   0x00000012   Code   RO          566    i.OS_MemClr         os_core.o
    0x080017ea   0x00000002   PAD
    0x080017ec   0x0000004c   Code   RO          891    i.OS_MemInit        os_mem.o
    0x08001838   0x00000044   Code   RO          990    i.OS_QInit          os_q.o
    0x0800187c   0x00000048   Code   RO          568    i.OS_Sched          os_core.o
    0x080018c4   0x00000020   Code   RO          569    i.OS_SchedNew       os_core.o
    0x080018e4   0x000000e8   Code   RO          571    i.OS_TCBInit        os_core.o
    0x080019cc   0x0000001c   Code   RO          572    i.OS_TaskIdle       os_core.o
    0x080019e8   0x00000058   Code   RO          573    i.OS_TaskStat       os_core.o
    0x08001a40   0x00000038   Code   RO          574    i.OS_TaskStatStkChk  os_core.o
    0x08001a78   0x00000016   Code   RO         1120    i.OS_TaskStkClr     os_task.o
    0x08001a8e   0x00000002   PAD
    0x08001a90   0x00000014   Code   RO         1875    i.RCC_ADCCLKConfig  stm32f10x_rcc.o
    0x08001aa4   0x00000018   Code   RO         1877    i.RCC_APB1PeriphClockCmd  stm32f10x_rcc.o
    0x08001abc   0x00000018   Code   RO         1878    i.RCC_APB1PeriphResetCmd  stm32f10x_rcc.o
    0x08001ad4   0x00000018   Code   RO         1879    i.RCC_APB2PeriphClockCmd  stm32f10x_rcc.o
    0x08001aec   0x00000018   Code   RO         1880    i.RCC_APB2PeriphResetCmd  stm32f10x_rcc.o
    0x08001b04   0x00000094   Code   RO         1887    i.RCC_GetClocksFreq  stm32f10x_rcc.o
    0x08001b98   0x00000012   Code   RO         4826    i.RTCAlarm_IRQHandler  rtc.o
    0x08001baa   0x00000002   PAD
    0x08001bac   0x00000010   Code   RO         3302    i.RTC_ClearITPendingBit  stm32f10x_rtc.o
    0x08001bbc   0x000000cc   Code   RO         4828    i.RTC_Get           rtc.o
    0x08001c88   0x00000014   Code   RO         3305    i.RTC_GetCounter    stm32f10x_rtc.o
    0x08001c9c   0x00000020   Code   RO         3308    i.RTC_GetITStatus   stm32f10x_rtc.o
    0x08001cbc   0x0000004c   Code   RO         4829    i.RTC_Get_Week      rtc.o
    0x08001d08   0x0000002e   Code   RO         4830    i.RTC_IRQHandler    rtc.o
    0x08001d36   0x00000002   PAD
    0x08001d38   0x00000010   Code   RO         3313    i.RTC_WaitForLastTask  stm32f10x_rtc.o
    0x08001d48   0x000000a0   Code   RO          353    i.ReadText          uctsk_xftts.o
    0x08001de8   0x00000002   Code   RO          297    i.SVC_Handler       stm32f10x_it.o
    0x08001dea   0x00000002   PAD
    0x08001dec   0x000000a8   Code   RO         1521    i.SetSysClockTo72   system_stm32f10x.o
    0x08001e94   0x00000024   Code   RO          298    i.SysTick_Handler   stm32f10x_it.o
    0x08001eb8   0x00000050   Code   RO         1523    i.SystemInit        system_stm32f10x.o
    0x08001f08   0x000000ac   Code   RO         4654    i.TIM1_PWM_Init     pwm.o
    0x08001fb4   0x00000002   Code   RO         4703    i.TIM3_IRQHandler   encode.o
    0x08001fb6   0x00000002   PAD
    0x08001fb8   0x00000024   Code   RO         4655    i.TIM4_IRQHandler   pwm.o
    0x08001fdc   0x00000014   Code   RO         3728    i.TIM_ARRPreloadConfig  stm32f10x_tim.o
    0x08001ff0   0x00000006   Code   RO         3735    i.TIM_ClearITPendingBit  stm32f10x_tim.o
    0x08001ff6   0x00000014   Code   RO         3740    i.TIM_Cmd           stm32f10x_tim.o
    0x0800200a   0x00000016   Code   RO         3742    i.TIM_CtrlPWMOutputs  stm32f10x_tim.o
    0x08002020   0x00000170   Code   RO         3745    i.TIM_DeInit        stm32f10x_tim.o
    0x08002190   0x00000018   Code   RO         3761    i.TIM_GetITStatus   stm32f10x_tim.o
    0x080021a8   0x00000080   Code   RO         3769    i.TIM_OC1Init       stm32f10x_tim.o
    0x08002228   0x0000000c   Code   RO         3772    i.TIM_OC1PreloadConfig  stm32f10x_tim.o
    0x08002234   0x0000009c   Code   RO         3811    i.TIM_TimeBaseInit  stm32f10x_tim.o
    0x080022d0   0x00000040   Code   RO         4503    i.UART4_IRQHandler  usart.o
    0x08002310   0x0000006c   Code   RO         4504    i.USART1_IRQHandler  usart.o
    0x0800237c   0x00000080   Code   RO         4505    i.USART2_IRQHandler  usart.o
    0x080023fc   0x0000006c   Code   RO         4506    i.USART3_IRQHandler  usart.o
    0x08002468   0x00000006   Code   RO         4259    i.USART_ClearFlag   stm32f10x_usart.o
    0x0800246e   0x00000014   Code   RO         4263    i.USART_Cmd         stm32f10x_usart.o
    0x08002482   0x00000002   PAD
    0x08002484   0x00000074   Code   RO         4265    i.USART_DeInit      stm32f10x_usart.o
    0x080024f8   0x0000000e   Code   RO         4266    i.USART_GetFlagStatus  stm32f10x_usart.o
    0x08002506   0x0000003e   Code   RO         4267    i.USART_GetITStatus  stm32f10x_usart.o
    0x08002544   0x00000030   Code   RO         4269    i.USART_ITConfig    stm32f10x_usart.o
    0x08002574   0x000000b4   Code   RO         4270    i.USART_Init        stm32f10x_usart.o
    0x08002628   0x00000008   Code   RO         4277    i.USART_ReceiveData  stm32f10x_usart.o
    0x08002630   0x00000008   Code   RO         4280    i.USART_SendData    stm32f10x_usart.o
    0x08002638   0x00000002   Code   RO          299    i.UsageFault_Handler  stm32f10x_it.o
    0x0800263a   0x0000000e   Code   RO         5202    i.__scatterload_copy  mc_w.l(handlers.o)
    0x08002648   0x00000002   Code   RO         5203    i.__scatterload_null  mc_w.l(handlers.o)
    0x0800264a   0x0000000e   Code   RO         5204    i.__scatterload_zeroinit  mc_w.l(handlers.o)
    0x08002658   0x0000000c   Code   RO            6    i.addring           main.o
    0x08002664   0x00000040   Code   RO         4742    i.gpio_WIFIModeSwitch_init  gpio.o
    0x080026a4   0x000000c8   Code   RO            7    i.main              main.o
    0x0800276c   0x0000000a   Code   RO            9    i.rb_init           main.o
    0x08002776   0x00000030   Code   RO           10    i.rb_put            main.o
    0x080027a6   0x00000002   PAD
    0x080027a8   0x000000a4   Code   RO         4509    i.uart1_init        usart.o
    0x0800284c   0x000000a8   Code   RO         4510    i.uart2_init        usart.o
    0x080028f4   0x000000ac   Code   RO         4511    i.uart3_init        usart.o
    0x080029a0   0x00000040   Code   RO         4512    i.uart4_disable     usart.o
    0x080029e0   0x000000ac   Code   RO         4513    i.uart4_init        usart.o
    0x08002a8c   0x0000003c   Code   RO          354    i.uctsk_xfTTS       uctsk_xftts.o
    0x08002ac8   0x00000100   Data   RO          582    .constdata          os_core.o
    0x08002bc8   0x00000018   Data   RO         4834    .constdata          rtc.o
    0x08002be0   0x00000020   Data   RO         5200    Region$$Table       anon$$obj.o


    Execution Region RW_IRAM1 (Base: 0x20000000, Size: 0x00003108, Max: 0x0000c000, ABSOLUTE)

    Base Addr    Size         Type   Attr      Idx    E Section Name        Object

    0x20000000   0x00000010   Data   RW           17    .data               main.o
    0x20000010   0x00000002   Data   RW          412    .data               os_cpu_c.o
    0x20000012   0x00000002   PAD
    0x20000014   0x0000003c   Data   RW          583    .data               os_core.o
    0x20000050   0x00000004   Data   RW          584    .data               os_core.o
    0x20000054   0x00000004   Data   RW          585    .data               os_core.o
    0x20000058   0x00000004   Data   RW          586    .data               os_core.o
    0x2000005c   0x00000002   Data   RW          587    .data               os_core.o
    0x2000005e   0x00000002   Data   RW          588    .data               os_core.o
    0x20000060   0x00000004   Data   RW          589    .data               os_core.o
    0x20000064   0x00000004   Data   RW          590    .data               os_core.o
    0x20000068   0x00000004   Data   RW          591    .data               os_core.o
    0x2000006c   0x00000004   Data   RW          592    .data               os_core.o
    0x20000070   0x00000014   Data   RW         1524    .data               system_stm32f10x.o
    0x20000084   0x00000014   Data   RW         1907    .data               stm32f10x_rcc.o
    0x20000098   0x00000006   Data   RW         4517    .data               usart.o
    0x2000009e   0x00000002   Data   RW         4835    .data               rtc.o
    0x200000a0   0x00000c70   Zero   RW           11    .bss                main.o
    0x20000d10   0x00000400   Zero   RW          355    .bss                uctsk_xftts.o
    0x20001110   0x00000bf0   Zero   RW          575    .bss                os_core.o
    0x20001d00   0x00000050   Zero   RW          576    .bss                os_core.o
    0x20001d50   0x00000078   Zero   RW          577    .bss                os_core.o
    0x20001dc8   0x000001e0   Zero   RW          578    .bss                os_core.o
    0x20001fa8   0x00000280   Zero   RW          579    .bss                os_core.o
    0x20002228   0x00000100   Zero   RW          580    .bss                os_core.o
    0x20002328   0x00000040   Zero   RW          581    .bss                os_core.o
    0x20002368   0x00000990   Zero   RW         4514    .bss                usart.o
    0x20002cf8   0x0000000a   Zero   RW         4833    .bss                rtc.o
    0x20002d02   0x00000006   PAD
    0x20002d08   0x00000400   Zero   RW         4496    STACK               startup_stm32f10x_hd.o


==============================================================================

Image component sizes


      Code (inc. data)   RO Data    RW Data    ZI Data      Debug   Object Name

       430         24          0          0          0       2079   adc.o
        42          0          0          0          0        272   cpu_a.o
         2          0          0          0          0        386   encode.o
        64         10          0          0          0        487   gpio.o
       444         62          0         16       3184     285386   main.o
       100         10          0          0          0        968   misc.o
        12          0          0          0          0       2441   os_apphooks.o
      1796        200        256         92       4696      21795   os_core.o
       164         32          0          0          0        360   os_cpu_a.o
       230         18          0          2          0      30378   os_cpu_c.o
         2          0          0          0          0        466   os_dbg.o
        72         12          0          0          0        542   os_flag.o
        76         12          0          0          0        497   os_mem.o
       200         28          0          0          0       1175   os_q.o
       352         28          0          0          0       2130   os_sem.o
       742         62          0          0          0       4524   os_task.o
       220         30          0          0          0       1288   os_time.o
       568        136          0          0          0       3195   os_tmr.o
       208         16          0          0          0       1094   pwm.o
       382         20         24          2         10       3731   rtc.o
        36          8        304          0       1024        840   startup_stm32f10x_hd.o
       364         22          0          0          0       8114   stm32f10x_adc.o
        12          6          0          0          0        497   stm32f10x_exti.o
       172          0          0          0          0       2348   stm32f10x_gpio.o
        50          6          0          0          0       3153   stm32f10x_it.o
       264         48          0         20          0       5939   stm32f10x_rcc.o
        84         20          0          0          0       2049   stm32f10x_rtc.o
       756        128          0          0          0       6708   stm32f10x_tim.o
       462         24          0          0          0       6846   stm32f10x_usart.o
       248         24          0         20          0       1705   system_stm32f10x.o
       272         62          0          0       1024       1969   uctsk_xftts.o
      1148         98          0          6       2448       7613   usart.o

    ----------------------------------------------------------------------
     10004       1146        616        160      12392     410975   Object Totals
         0          0         32          0          0          0   (incl. Generated)
        30          0          0          2          6          0   (incl. Padding)

    ----------------------------------------------------------------------

      Code (inc. data)   RO Data    RW Data    ZI Data      Debug   Library Member Name

         0          0          0          0          0          0   entry.o
         0          0          0          0          0          0   entry10a.o
         0          0          0          0          0          0   entry11a.o
         8          4          0          0          0          0   entry2.o
         4          0          0          0          0          0   entry5.o
         0          0          0          0          0          0   entry7b.o
         0          0          0          0          0          0   entry8b.o
         8          4          0          0          0          0   entry9a.o
        30          0          0          0          0          0   handlers.o
        36          8          0          0          0         68   init.o
         0          0          0          0          0          0   iusefp.o
        30          0          0          0          0         68   llshl.o
        32          0          0          0          0         68   llushr.o
        36          0          0          0          0        108   memseta.o
        14          0          0          0          0         68   strlen.o
       190          0          0          0          0        176   depilogue.o
        26          0          0          0          0         76   dfltui.o
       228          0          0          0          0         92   dmul.o

    ----------------------------------------------------------------------
       644         16          0          0          0        724   Library Totals
         2          0          0          0          0          0   (incl. Padding)

    ----------------------------------------------------------------------

      Code (inc. data)   RO Data    RW Data    ZI Data      Debug   Library Name

       198         16          0          0          0        380   mc_w.l
       444          0          0          0          0        344   mf_w.l

    ----------------------------------------------------------------------
       644         16          0          0          0        724   Library Totals

    ----------------------------------------------------------------------

==============================================================================


      Code (inc. data)   RO Data    RW Data    ZI Data      Debug   

     10648       1162        616        160      12392     404055   Grand Totals
     10648       1162        616        160      12392     404055   ELF Image Totals
     10648       1162        616        160          0          0   ROM Totals

==============================================================================

    Total RO  Size (Code + RO Data)                11264 (  11.00kB)
    Total RW  Size (RW Data + ZI Data)             12552 (  12.26kB)
    Total ROM Size (Code + RO Data + RW Data)      11424 (  11.16kB)

==============================================================================

